["24219953", "24219952", "24219951", "24092597", "24091500", "24091499", "24088980", "24088979", "24088977", "24088976", "24088975", "24088974", "24088973", "24088972", "24088971", "24088970", "24088969", "24088968", "24088967", "24088966", "24088965", "24088964", "24085367", "24085366", "24085363", "24085361", "24084820", "24084814", "24084705", "24084704", "24080679", "24080678", "24080677", "24080676", "24080675", "24080674", "24080673", "24080672", "24080671", "24080670", "24080669", "24080564", "24080560", "24080558", "24080557", "24080556", "24080555", "24074529", "24060759", "24042189", "24042030", "24014884", "24014883", "24009279", "24009278", "24009275", "24009273", "24003078", "24003077", "23996696", "23990684", "23990683", "23985132", "23985131", "23982301", "23982273", "23982172", "23982148", "23980067", "23980066", "23978623", "23978447", "23978446", "23975890", "23975540", "23975171", "23974200", "23974199", "23974193", "23970379", "23970369", "23970368", "23970367", "23970365", "23970364", "23970363", "23966420", "23966419", "23965232", "23964112", "23963042", "23963041", "23963039", "23959786", "23959785", "23958953", "23958952", "23958521", "23958518", "23956442", "23956441", "23956299", "23956298", "23955278", "23954891", "23953098", "23950178", "23949911", "23949909", "23949882", "23948957", "23948278", "23948277", "23946278", "23946277", "23946276", "23946275", "23943856", "23943650", "23942618", "23942617", "23940305", "23940282", "23939921", "23939920", "23939919", "23939918", "23939917", "23939916", "23939627", "23939626", "23939625", "23935207", "23935206", "23935131", "23935130", "23935129", "23935128", "23935127", "23934607", "23933194", "23929856", "23929824", "23929092", "23926297", "23924525", "23917962", "23913169", "23913168", "23913167", "23913166", "23913165", "23911905", "23908467", "23908466", "23908464", "23908463", "23907567", "23906870", "23906605", "23900597", "23900596", "23897408", "23896970", "23896409", "23895953", "23894204", "23894202", "23892223", "23890419", "23886644", "23877352", "23863896", "23860432", "23857477", "23846912", "23843493", "23832878", "23831429", "23831428", "23827764", "23813868", "23797005", "23797004", "23791892", "23791891", "23773850", "23769876", "23752879", "23732841", "23732817", "23726666", "23725737", "23725736", "23725735", "23714322", "23714321", "23714319", "23711623", "23706949", "23706948", "23706946", "23706702", "23706701", "23706699", "23706698", "23697958", "23697956", "23697955", "23692394", "23680873", "23679232", "23672973", "23672972", "23672971", "23664467", "23664465", "23664464", "23651328", "23651312", "23638692", "23631948", "23631649", "23631609", "23631567", "23627742", "23627714", "23607451", "23578095"]