D003695 D057286 D006801 D061214 D055818 D011785 D019984 D012042 D012196 D014481 
D003256 D003695 D004465 D004469 D017048 D006271 D058991 D011787 D012017 D014481 
D000293 D000328 D000368 D000369 D002648 D002675 D003256 D017047 D003695 D005260 D005382 D019981 D005102 D006280 D049673 D049674 D006801 D007223 D008017 D008297 D008490 D008875 D014481 
D000328 D001786 D002852 D015331 D003924 D016640 D005260 D005500 D018149 D005951 D006442 D006801 D011237 D011247 D012372 D012107 
D000368 D002400 D003113 D004032 D005260 D006801 D008297 D008875 D017060 D016037 D016896 
D002288 D000328 D000368 D000369 D003430 D005260 D006801 D008297 D008875 D010181 D010190 D015995 D012189 D018426 D014481 
D003695 D004992 D006801 D007600 D009985 D010817 D011287 D011364 D012941 
D000704 D001291 D002321 D005260 D006801 D007396 D008297 D009985 D010465 D010822 D012744 
D035843 D005381 D055811 D009985 D011643 D012109 D012955 D014194 D014481 
D000368 D019645 D005260 D005500 D006801 D007720 D008297 D020370 D011474 D011475 D059869 D016059 D016896 
D002102 D002404 D003287 D004210 D005260 D005263 D050723 D019786 D006801 D018810 D008297 D008875 D010027 D010329 D016909 
D000328 D015519 D001857 D016022 D003094 D003095 D003430 D005260 D006801 D010024 D058866 D017697 
D000925 D019644 D019645 D006801 D048228 D019990 D017410 D054556 
D000293 D000328 D000368 D000369 D003430 D005260 D006801 D008159 D008297 D008875 D017060 D015203 D013122 D055815 
D000293 D000328 D000368 D005260 D006801 D008279 D008297 D008875 D053580 D010149 D011182 D016059 D020127 D012008 D012044 D012189 D017006 D012421 D016896 
D000367 D000368 D019644 D019645 D016063 D001804 D005260 D006454 D006801 D008297 D008875 D011183 D012189 D012307 D012737 
D000293 D000328 D000368 D000369 D016512 D002358 D005260 D005593 D050723 D006801 D008297 D008875 D011183 D011446 D016059 D012086 D013484 D014057 D016896 D055815 
D000077 D019644 D017760 D002983 D006622 D006801 D009985 D011446 
D000328 D016118 D059549 D017046 D017281 D003362 D006801 D008592 D018803 D020370 D011183 D019057 D012421 D016896 
D000293 D016063 D001852 D002648 D005260 D006801 D008297 D009983 D011183 D012086 D012600 D013123 
D000293 D000328 D000368 D001860 D020878 D006233 D005260 D005500 D005593 D006801 D008297 D008875 D017060 D011183 D011788 D011885 D016059 D012086 D016896 D055815 
D000368 D005260 D050815 D017722 D006801 D053208 D058498 D007902 D008297 D006278 D010351 D011183 D011446 D012086 D016103 D014481 D054854 
D000368 D058846 D000971 D001688 D002986 D015507 D006801 D015451 D058990 D013792 
D000971 D015179 D003131 D003299 D018572 D006801 D033183 D008099 D008113 D059146 D020360 D010166 D010348 D011379 D016032 D015996 
D000368 D000744 D000964 D001374 D001707 D001853 D003937 D018450 D005500 D006801 D007970 D008297 D009190 D010976 D016553 D013921 
D000230 D000553 D000925 D017985 D004305 D017984 D006470 D006801 D007279 D010190 D011446 D016032 D012307 D015996 D054556 
D000328 D001714 D001724 D015331 D005260 D006801 D007231 D007389 D008297 D016555 D011247 D011297 D012307 D012907 D014028 
D015897 D003937 D039721 D061345 D006801 D001523 D012017 D020178 
D005260 D006801 D007414 D008297 D018358 D015282 D009942 D010190 D012189 D013274 D016019 D013899 D016896 
D000818 D006801 D008279 D008297 D057054 D049268 D011471 D014408 
D000293 D000328 D003863 D039721 D005163 D005260 D006306 D006801 D008297 D008875 D008960 D011569 D012680 D013313 D055815 
D000368 D000369 D001007 D001143 D001601 D003718 D003863 D004644 D005163 D005260 D006801 D008016 D008297 D008960 D011569 D011795 D013313 D017741 
D000328 D001007 D001289 D015928 D003863 D005260 D006801 D008297 D008875 D010353 D010865 D011446 D011569 D011615 D011788 D012720 D016896 
D000328 D000368 D001714 D054022 D005260 D059907 D006179 D006801 D008032 D008279 D008297 D008875 D009044 D009068 D009069 D010296 D017397 
D000293 D000328 D015897 D005260 D006801 D007266 D008297 D009483 D009771 D011569 D011795 D020178 D055815 
D000328 D055826 D000374 D003130 D005260 D006801 D054542 D008137 D008297 D008875 D011237 D057566 D013313 D014481 D014728 D014754 
D035843 D057189 D032921 D044469 D003469 D005006 D006801 D018579 D010506 D011570 D015203 
D000328 D015897 D003866 D005260 D006801 D008297 D008875 D015995 D011569 D011618 D012720 
D000293 D000328 D000368 D001008 D001289 D003242 D005120 D005260 D006801 D006948 D007175 D008297 D008875 D010551 D012720 D055815 
D000293 D000328 D000368 D015897 D055867 D003865 D004190 D005260 D006801 D008297 D008875 D008922 D011237 D011795 D013313 D055815 
D000328 D000368 D017028 D019260 D005260 D006801 D008297 D017058 D008875 D012008 D012307 D012559 D012565 D012720 D012938 D055815 
D000369 D000493 D003681 D003967 D003875 D005076 D006073 D006254 D006801 D008297 D010117 D012307 
D002188 D003042 D004433 D006801 D008297 D008875 D010859 D019966 
D000293 D000328 D002487 D021181 D005260 D006801 D007252 D007251 D008297 D008875 D017410 D014481 D055815 
D000368 D000369 D003693 D005260 D006620 D006801 D007902 D008297 D011183 D017410 D054556 
D000310 D000368 D005260 D006801 D033162 D052177 D007680 D017410 D012017 D014057 
D000328 D005081 D036981 D005260 D019220 D006801 D007267 D009989 D010146 D017410 D013256 D016896 
D000309 D002986 D003937 D004232 D005767 D040181 D006801 D007010 D007037 D020896 D007177 D008103 D059606 D017483 D012965 D014667 
D000328 D001439 D002097 D003013 D003093 D004733 D004755 D005243 D005260 D006801 D007441 D008297 D054892 D008875 D012336 D013997 D014180 D055815 
D000236 D000328 D000368 D001706 D003111 D003113 D015179 D005260 D006801 D007417 D008297 D008875 D061646 D012002 D016896 
D000328 D000368 D000369 D002294 D005260 D019788 D006801 D008297 D008875 D009367 D009959 D059628 D011379 D012372 D012189 D016019 
D000328 D000368 D000855 D000964 D000971 D004334 D005260 D005472 D006801 D007262 D008297 D008727 D008875 D015999 D009367 D009503 D016017 D010534 D013274 D016896 
D000284 D000818 D000970 D002986 D004273 D055808 D015507 D006801 D058990 D011743 
D000818 D051379 D019047 D051381 D059629 D017256 D015899 
D000368 D000369 D001012 D017544 D001019 D015415 D001692 D004789 D005260 D019788 D020869 D006801 D007962 D008297 D020778 D020780 D059628 D011379 
D000818 D001839 D045744 D002471 D060326 D006801 D008024 D008297 D051379 D010446 D011849 D013667 
D000328 D000368 D016477 D001859 D004198 D005260 D006801 D007091 D008279 D008297 D008875 D010363 D049268 D055815 
D000818 D001692 D002250 D045744 D015972 D006801 D008297 D015335 D049268 D011799 D051381 D017207 D011958 D014018 
D001610 D001692 D045744 D019788 D006801 D008027 D008853 D057054 
D000236 D000293 D000310 D000328 D017668 D000368 D000369 D002648 D015331 D003480 D005260 D005500 D005544 D006728 D006801 D008297 D008875 D009369 D016019 D016896 D055815 
D000328 D001855 D056947 D005260 D005776 D006801 D008297 D012189 D017256 D013997 D016896 
D000818 D008279 D051379 D049268 D051381 D059629 D018511 
D019090 D003072 D003480 D006801 D008134 D011184 D011788 D016896 
D018249 D000328 D000368 D044963 D015331 D005260 D006801 D008297 D008875 D009389 D012039 D015203 D013964 D013965 D055815 
D000328 D000928 D003865 D061218 D004311 D018691 D005260 D005500 D006801 D007262 D007649 D008297 D008875 D010555 D011594 
D000281 D000293 D000328 D000374 D000679 D000786 D001143 D001883 D004311 D004644 D005149 D005260 D006801 D007090 D008279 D010121 D010364 D011930 D012938 D055815 
D000818 D000970 D015153 D001854 D002986 D004195 D004797 D005260 D006801 D036341 D053208 D015470 D008297 D051379 D019899 D011379 D011518 D060888 D020239 D020794 D017154 D023041 
D000328 D001008 D001921 D015984 D002649 D002675 D003865 D059647 D006801 D001523 D010641 D011599 D012307 D013313 D019966 D013406 
D000818 D016503 D005818 D006801 D007166 D007249 D016753 D045164 D059630 D051379 D008810 D012333 D014162 
D002471 D019175 D004314 D044127 D006801 D007947 D009196 
D005902 D006068 D006801 D033401 D010781 D041623 
D015415 D001692 D019149 D004305 D055808 D004867 D005240 D005947 D056945 D006801 D008055 D010168 D049268 D019275 D012106 
D001692 D045744 D004353 D019788 D006019 D006801 D007700 D008904 D057054 D018511 
D000328 D000368 D000428 D001943 D003430 D055088 D005260 D015438 D006801 D007723 D016015 D008297 D008875 D009043 D009369 D009749 D055502 D012907 D013274 D017741 D002583 
D000328 D000367 D000368 D000369 D005260 D006801 D007037 D008297 D008875 D009664 D015995 D012737 D013960 D055815 
D005770 D046152 D005838 D006801 D010641 
D000818 D022763 D002454 D047369 D015536 D015972 D006098 D006801 D015151 D015470 D019891 D051379 D018345 D035683 D060888 D051881 D020133 D014162 
D002454 D047369 D016000 D005434 D055106 D006410 D006412 D006801 D022661 D014157 D014158 
D002986 D006801 D007155 D056747 D009101 D013792 
D000971 D017209 D001343 D045744 D002738 D002898 D050676 D005434 D005455 D056572 D006801 D006877 D015151 D015470 D015514 D014162 D014635 
D000328 D001921 D005260 D006575 D006801 D007275 D007700 D008297 D008875 D008954 D011874 D015203 D015899 D055815 
D004833 D006801 D049268 D011877 D015899 
D000818 D045744 D002645 D049033 D004195 D055808 D005462 D019788 D005909 D005947 D006801 D059628 D011849 D012969 D047368 D014443 
D000328 D000368 D006528 D003287 D005260 D019788 D006801 D008113 D008297 D008875 D059628 D011379 D016634 D016019 D016896 
D000328 D000368 D001943 D004958 D005240 D005260 D015972 D006801 D053208 D008024 D008297 D008875 D009361 D059035 D049268 D011960 
D019797 D000319 D000368 D002227 D005260 D006239 D006321 D006333 D006487 D006801 D008297 D008790 D008875 D018579 D011412 D018343 D013564 D016896 
D000818 D000970 D017209 D051023 D001713 D031204 D004195 D019008 D016393 D051379 D008810 D018345 D008822 D009596 D010879 D019253 D013449 
D017668 D002291 D002648 D015331 D005260 D020558 D015321 D006801 D008297 D008565 D009154 D047495 D051761 D015995 D048493 D011878 D060888 D012307 D013964 D014006 
D018262 D002288 D000328 D000368 D000369 D018269 D018284 D004252 D005260 D006801 D008875 D009154 D060787 D009367 D009375 D010051 D011518 D016159 D055815 D018631 
D000328 D000368 D058846 D000971 D002134 D017024 D002945 D005260 D005971 D006147 D006801 D007150 D007262 D007263 D008297 D008654 D008875 D009364 D010534 D059628 D011379 D012307 D014057 D016896 D014408 
D016543 D006801 D008223 
D000328 D000368 D000369 D058846 D018414 D004351 D005260 D006801 D007150 D007155 D008213 D008297 D008875 D016553 D060888 D013154 D055815 
D000470 D001483 D015153 D002648 D004791 D005260 D005434 D020022 D006031 D006801 D008297 D018613 D008969 D009154 D009164 D010375 D057165 D017471 D014162 
D000328 D000886 D050197 D001786 D001794 D059168 D048909 D003924 D016640 D050171 D005260 D005387 D005500 D005951 D006801 D007328 D016015 D024821 D008875 D050177 D010298 D011247 D012307 
D015502 D000368 D015519 D002762 D019587 D004305 D044465 D005260 D050723 D006728 D006801 D006887 D016014 D008297 D008875 D011446 D014815 
D000328 D000368 D000369 D004252 D005260 D020869 D006801 D008297 D034721 D008875 D019009 
D019264 D000818 D001402 D015153 D002352 D002454 D049109 D002470 D024202 D004797 D005434 D006706 D007150 D051379 D008810 D015398 D058570 
D000200 D000328 D000368 D000818 D001706 D016022 D003106 D003248 D003967 D005260 D005727 D006801 D043183 D008297 D051379 D018345 D008875 D009619 D018408 D044464 D055815 
D000971 D017024 D015179 D003937 D005472 D006498 D006801 D002955 D008099 D008113 D008297 D008875 D009367 D009944 D014057 
D000328 D000368 D000704 D000970 D002097 D002292 D018572 D005260 D060831 D006454 D006801 D007680 D007770 D008297 D008875 D009392 D009536 D010671 D011237 D047428 D012189 D018570 D016896 D014408 
D000368 D000369 D000903 D000971 D003561 D018572 D004305 D004334 D005260 D006801 D015255 D060828 D053208 D015470 D008297 D016016 D012189 D018570 D012307 D016896 
D000367 D000368 D000369 D002118 D003404 D005260 D005500 D006801 D006887 D049950 D008297 D008875 D016105 D011184 D011446 D016896 
D000305 D000306 D000311 D000308 D019898 D006801 D019899 D012084 
D000368 D002289 D005260 D015321 D006801 D007150 D017404 D008175 D008297 D008875 D015514 D060888 D020794 D012189 D012680 
D000818 D016026 D023201 D005260 D005434 D006410 D006412 D051379 D018345 D010052 D013601 D051153 
D017677 D044466 D001251 D002140 D002648 D002675 D003430 D044465 D005260 D006801 D006956 D007223 D008297 D009216 D015995 
D000328 D000368 D000369 D000971 D001897 D003907 D018572 D005260 D006801 D006877 D007211 D053208 D008297 D008875 D009101 D009364 D011719 
D053607 D000595 D000818 D062186 D001692 D004285 D015195 D005260 D006801 D006976 D008168 D008297 D057054 D008969 D010455 D011652 D051381 D013667 
D000293 D000328 D002648 D005121 D005260 D019788 D006801 D008297 D012516 D059628 D011379 D012189 D016019 D047368 D055815 
D000328 D000728 D047072 D001786 D001823 D015992 D015519 D004311 D002149 D004958 D017079 D006728 D006801 D007006 D050356 D007986 D008297 D008875 D009483 D009570 D009767 D011594 D013739 D014230 
D000230 D000368 D001429 D006801 D008297 D008875 D010778 D017319 D011467 D011471 
D000818 D017209 D015153 D002478 D004195 D042783 D005434 D051858 D015428 D051381 D020133 D015398 
D000328 D000368 D051926 D006801 D007150 D017404 D008297 D008875 D009364 D015514 D017430 D011468 D011471 D046888 D014408 
D000293 D000328 D000368 D000369 D000469 D000483 D044466 D015519 D002118 D002681 D005260 D005787 D005838 D006239 D006801 D049950 D007669 D016015 D008297 D008875 D010024 D016133 D011110 D044169 D055815 
D000251 D000306 D000311 D018246 D000367 D000368 D000450 D015331 D005260 D005500 D051676 D006801 D006929 D008297 D008875 D009154 D053499 D012737 D000254 D013048 D013256 D014680 
D000328 D050110 D015992 D005260 D054439 D006706 D006801 D006973 D007328 D007333 D018972 D007334 D008055 D008297 D008875 D009752 D009767 D016017 D011446 D012044 D012709 
D000293 D000305 D000324 D000328 D000855 D000886 D001066 D015992 D001921 D003430 D003863 D039721 D005260 D005502 D006801 D006854 D007028 D007030 D008279 D009042 D009424 D010907 D010913 D019518 D055815 
D051997 D003287 D003937 D006801 D007150 D019394 D009682 D008297 D008562 D008875 D010412 D010954 D014057 D014408 D014746 
D000293 D029503 D000748 D002675 D002872 D002895 D020732 D005260 D005838 D006801 D007155 D010641 D020641 D060888 D012269 D013792 
D000368 D015153 D002471 D015536 D005260 D005455 D006801 D007150 D008297 D008875 D016328 D020133 D015398 D013274 D025521 
D001943 D005260 D005347 D005455 D006801 D007150 D060787 D009361 D009367 D017154 D019699 D059467 D014408 D059016 
D000368 D017023 D003324 D006801 D008297 D008875 D055414 D059628 D011687 D011720 D012414 D013312 D013318 D014665 D018487 
D018941 D018956 D000970 D001402 D015153 D002448 D002634 D005434 D006801 D020522 D047428 D011720 D011743 
D000236 D000293 D000310 D000312 D000328 D017668 D000368 D000369 D002031 D002277 D002423 D002648 D002675 D015331 D003480 D005260 D005544 D006801 D053208 D008297 D008875 D016019 D055815 
D015502 D000293 D000328 D000375 D015519 D002648 D015331 D005260 D005500 D019382 D006801 D007018 D007334 D008055 D008297 D015999 D010901 D011994 D012189 D055815 
D000273 D044466 D005075 D001823 D008076 D003924 D004032 D044465 D015444 D006801 D008019 D018482 D009569 
D000293 D000328 D000368 D000369 D005260 D005500 D006801 D007457 D008197 D008297 D008875 D009333 D012189 D013954 D013964 D013965 D013974 D055815 
D000328 D000367 D017668 D000368 D000369 D044466 D005260 D006801 D015994 D008297 D008875 D016609 D012042 D012306 D012737 D013534 D013624 D013964 
D000293 D000328 D005260 D005947 D006801 D006946 D007328 D008297 D008875 D010243 D011446 D012737 D013960 D013963 D013971 D055815 
D000328 D000368 D001201 D021721 D004932 D005260 D006471 D006801 D006876 D006975 D008297 D008875 D019168 D012189 D012597 D016896 D055815 
D000293 D001661 D002276 D002280 D002423 D002648 D002675 D018281 D003093 D003110 D003424 D005260 D005500 D005602 D006801 D015994 D007414 D007938 D008297 D009369 D010412 D012042 D012307 D012878 D002583 
D000230 D000368 D000369 D001471 D017115 D060965 D004938 D004945 D004947 D005260 D019942 D016158 D006801 D061346 D008137 D008297 D008875 D009092 D016133 D017211 
D000328 D000368 D061067 D000971 D017024 D003841 D004334 D005260 D005472 D006801 D008297 D008875 D020360 D009944 D018579 D059628 D011446 D012004 D018570 D012307 D014057 D016896 
D000328 D000368 D000369 D018931 D001943 D018567 D016022 D017024 D002681 D018572 D005260 D006801 D053208 D008207 D008297 D008408 D008499 D008875 D009367 D011379 D012189 D014408 
D000172 D000328 D002648 D019382 D006801 D007018 D007333 D007334 D009369 D009765 D010911 D011994 D012306 D012307 D013002 
D000328 D044383 D000886 D001786 D001938 D002784 D003430 D044465 D005260 D005787 D005838 D006239 D006801 D011085 D011110 D020641 D060888 D018401 D058118 D014280 D055105 
D015502 D000328 D000368 D000369 D000886 D015992 D015519 D019587 D005260 D055106 D005838 D006801 D006887 D007333 D008297 D008875 D010281 D020641 D017698 D014807 D014815 
D000368 D001835 D002478 D018925 D003430 D005234 D005260 D006801 D016014 D008099 D008103 D008297 D008875 D012333 D060888 D019707 
D000236 D000328 D000368 D000369 D000375 D001323 D005260 D006044 D006111 D006801 D008297 D008875 D011153 D011989 D012727 D013964 D013971 D013972 D013974 D014284 
D000368 D015153 D015179 D004252 D005260 D006801 D007150 D008297 D008875 D009154 D009361 D009362 D011379 D011958 D020133 D015398 
D000368 D000369 D015820 D058750 D006801 D007150 D008297 D008875 D060787 D011379 D011471 D014157 D014408 
D002460 D005434 D006801 D015151 D007694 D037181 D008213 D008562 D018613 D055607 D020133 
D000328 D000368 D005260 D006801 D008297 D008875 D018358 D015282 D009942 D059628 D011874 D014018 D051598 
D000293 D000328 D001008 D001143 D001931 D003214 D004192 D005108 D005149 D005239 D005260 D006801 D007090 D008279 D008297 D011939 D010364 D017397 D055815 
D000328 D000741 D002469 D005260 D005434 D006801 D053208 D054066 D008297 D008875 D009154 D009190 D016016 D020133 D050796 
D000293 D000328 D018943 D000903 D001794 D018660 D002318 D016022 D017024 D002648 D002675 D004317 D004452 D005260 D006801 D007223 D007680 D008297 D009392 D011652 D013318 D017741 D013997 D016277 D009396 D055815 
D000230 D000368 D018943 D000903 D000970 D018288 D002294 D018572 D004334 D019008 D005260 D006801 D053208 D008297 D008875 D009367 D017671 D012189 D013945 D013953 D016896 
D018262 D014670 D003138 D005260 D006801 D007150 D007265 D008875 D018358 D010190 D006623 
D000230 D000328 D000368 D005260 D018840 D006801 D007150 D008297 D008875 D011379 D016016 D013274 D046888 D014408 
D002292 D002869 D016000 D055028 D006801 D017404 D007680 D060787 D020411 
D000368 D000369 D002291 D002295 D005260 D006801 D007150 D008297 D008875 D060787 D012189 D014408 D001749 
D000306 D018246 D000368 D000369 D001344 D002277 D005260 D006801 D007150 D007680 D008175 D008297 D008875 D009362 D009378 D010190 D013964 D014408 
D000818 D000975 D017209 D004195 D004789 D005260 D007150 D020287 D048031 D015227 D010049 D051381 D017208 D015427 D014102 D014810 
D000818 D015703 D015820 D002448 D042783 D015151 D047468 D051379 D054631 D015398 D013601 D057705 D019010 
D000818 D002469 D004195 D004791 D005434 D006086 D020544 D018380 D007527 D007938 D008213 D008223 D051379 D008807 D008810 D018345 D011493 D051571 D013601 
D000818 D001327 D001483 D015153 D002648 D002675 D004252 D002658 D005260 D005838 D018095 D006801 D007223 D007231 D008297 D051379 D008810 D008969 D020411 D010375 D054198 D011506 D035781 
D000818 D002454 D005434 D006801 D051740 D015151 D051379 D008810 D008822 D020411 D060888 D013601 D013950 
D000328 D000368 D000369 D002292 D018450 D005260 D006801 D007150 D007680 D008297 D008875 D018384 D054464 D006435 D012189 D013879 D051840 
D000328 D000368 D000369 D000818 D018925 D002630 D004195 D004797 D005234 D005260 D055166 D022781 D006801 D015151 D007150 D036341 D008297 D051379 D008810 D008875 D009765 D060888 D020133 
D000328 D000368 D000971 D001761 D001918 D016190 D059248 D002945 D018572 D005260 D005472 D005500 D006801 D007262 D007269 D053208 D008207 D008297 D008875 D009367 D010094 D011725 D011879 D012189 D005641 D014062 D016896 
D000818 D058578 D002356 D049109 D003094 D016326 D017353 D005786 D008335 D051379 D010750 D012795 D013234 
D017667 D050156 D000328 D001391 D001485 D005786 D006801 D007797 D059630 D021381 
D001289 D057189 D002648 D002675 D005260 D006801 D008137 D008297 D009483 D010552 D011237 
D000818 D001485 D024141 D007678 D007797 D051379 D020033 D021381 D062211 
D015720 D000244 D000249 D000818 D015703 D001081 D001792 D002462 D002966 D003598 D042783 D005260 D005434 D006487 D047468 D008297 D051379 D018345 D009124 D010974 D021381 D020349 
D000818 D004121 D004622 D005404 D005557 D000432 D051379 D008810 D035683 D011108 D020871 D060888 D020133 D013395 D016707 
D000328 D017677 D000368 D000369 D005260 D006801 D015994 D008297 D008875 D009026 D012042 D056910 D017678 D012737 D013964 
D000328 D000368 D002681 D015179 D018572 D005260 D015972 D006801 D007150 D051034 D008207 D008297 D008875 D009367 D016017 D011237 D011379 D014408 D015854 
D000595 D000818 D023181 D002417 D045744 D002470 D005434 D006801 D007781 D007938 D016393 D053078 D008855 D017382 
D000368 D058450 D019773 D005260 D006801 D007429 D008266 D008297 D008875 D056888 D011182 D016684 D012167 D012189 D013459 D014792 D014821 
D000199 D001706 D006801 D008108 D009130 D012436 
D000328 D000368 D016022 D005243 D005260 D041981 D006501 D006801 D008103 D008297 D054892 D008875 D012336 D012720 D013289 D045854 
D000818 D005434 D006410 D006412 D051379 D008810 D020133 D014469 D014816 
D000818 D002460 D049029 D004789 D005455 D022781 D006801 D015151 D008297 D051379 D008810 D018345 D054731 D011494 D054419 D014162 D020798 D048051 
D000368 D019386 D001471 D050071 D016022 D004164 D016145 D012968 D005260 D005764 D016481 D006551 D006801 D016015 D008297 D008875 D015999 D016017 D010024 D054328 D012307 D014481 D014728 D049629 
D000328 D000483 D001008 D019958 D002648 D016241 D002675 D015331 D019052 D004645 D005260 D005500 D005838 D006720 D006801 D007223 D008297 D009035 D010121 D020641 D018045 D012917 D012919 
D000925 D006801 D009369 D017410 D020246 
D002453 D045744 D002503 D006801 D019044 D017404 D013050 
D015153 D045744 D015972 D055785 D006801 D053605 D008545 D034741 D060888 D020133 D015398 D014162 
D001943 D018450 D005260 D006801 D007694 D009360 D011863 D016896 D014408 
D002453 D018290 D005260 D005784 D018773 D018734 D006801 D007150 D017404 D030361 D011958 D018719 D046888 D014408 D002583 
D000818 D001921 D018797 D058851 D005786 D008297 D051379 D041681 D012333 D013116 
D002460 D005780 D016591 D006801 D013213 
D002648 D002675 D005260 D005784 D018628 D006801 D007150 D017404 D007223 D053208 D008297 D009447 D011379 D020794 
D000293 D000328 D017209 D002294 D018290 D060085 D003594 D005260 D015658 D006801 D008875 D030361 D054353 D014408 D002583 D055815 
D000818 D015153 D004195 D024202 D058750 D005355 D007150 D007674 D008297 D051379 D008810 D009838 D051785 D016329 D014517 
D003713 D005434 D006801 D008180 
D020869 D020043 D005966 D006801 D008107 D012333 D060888 
D000527 D000701 D001572 D003248 D005260 D005765 D006801 D008297 D009270 D009271 D009292 D010455 D010880 D000644 D017450 
D000293 D000679 D001288 D001921 D001931 D002648 D002908 D039721 D004292 D030141 D005260 D005639 D006179 D006801 D007090 D007508 D008279 D008297 D019964 D017072 D009949 D010296 D012016 
D000328 D000856 D001931 D052018 D002540 D004292 D005260 D006439 D006801 D007090 D008279 D009415 D012201 D013395 D013549 D013649 D055815 
D000368 D000369 D000375 D001315 D001766 D005260 D006801 D015994 D008137 D008297 D008875 D015354 D014792 
D000328 D016117 D003430 D005074 D005260 D006801 D007498 D008297 D008875 D011446 D012044 D041623 D014792 
D000328 D000368 D003528 D005134 D005260 D020570 D006801 D007150 D007766 D008297 D008875 D015514 D020598 D020133 D017422 
D000328 D020533 D061067 D003930 D005260 D006801 D058449 D008269 D008297 D014792 
D000293 D000328 D002648 D002675 D015331 D004596 D015785 D005136 D005260 D040181 D005838 D006801 D007223 D008297 D008875 D009154 D009216 D009426 D009755 D010641 D012030 D012684 D014792 D055815 
D000328 D000368 D000369 D005260 D006801 D020407 D016015 D008297 D008875 D009885 D017063 D010209 D011795 D055815 
D000328 D000368 D020533 D061067 D020256 D003131 D005260 D006801 D008268 D008297 D008875 D010778 D017319 D011166 D012189 D042461 D014792 
D000208 D000328 D004415 D005260 D005759 D006801 D007239 D008297 D008875 D016017 D012307 D055815 
D000328 D020533 D061067 D003930 D005260 D006801 D058449 D008269 D008297 D014792 
D000368 D000483 D001284 D001315 D015331 D017242 D005260 D020022 D057092 D006801 D053208 D016015 D008268 D008297 D008875 D020641 D011506 D012307 
D000368 D000369 D020533 D061067 D020256 D015331 D003176 D017242 D004305 D005260 D020022 D005838 D006801 D015994 D058449 D008268 D008297 D008875 D020641 D011506 D012697 
D000328 D000368 D000679 D005260 D006624 D006801 D008279 D008297 D008875 D010775 D011446 D011795 D013285 D014796 
D001035 D005260 D006801 D007223 D007231 D019654 D007910 D008297 D017410 D012029 D012044 
D006801 D008268 D012030 
D000368 D005260 D006801 D020731 D019654 D008297 D008875 D009216 D018903 D012029 D012189 D014792 
D000368 D000369 D000704 D002829 D003430 D003920 D003930 D005260 D006801 D008297 D008875 
D017677 D000550 D044466 D002140 D002648 D002675 D044465 D005260 D006801 D008297 D015995 D013285 D014792 
D044466 D020256 D020022 D006801 D020641 D011506 
D017209 D059447 D002460 D002478 D004249 D004307 D023381 D061307 D006801 D014965 
D000328 D000856 D001921 D001931 D052018 D005260 D005625 D006801 D007090 D021621 D008279 D009415 D009929 D012201 D013649 D055815 
D000328 D004247 D053903 D053904 D005720 D006801 D007962 D008279 D008297 D015162 
D000293 D000328 D003315 D063171 D005260 D006801 D008297 D008875 D015588 D010781 D011446 D015203 D041623 D055815 
D000328 D000368 D000369 D003608 D005260 D006801 D007440 D007767 D008297 D008875 D009301 D012826 D015607 
D001315 D002648 D003430 D005260 D006801 D015994 D007899 D016015 D008137 D008297 D009216 D011795 D012307 
D000293 D000328 D000368 D000369 D002648 D002675 D005260 D006801 D007223 D053208 D008297 D008545 D008875 D011237 D011379 D016016 D012189 D014604 D055815 
D016022 D003315 D005260 D006801 D016849 D007765 D008297 D008875 D009994 D011446 D012008 D013666 
D000328 D017677 D000368 D000369 D003430 D005260 D005901 D006801 D007492 D016015 D008297 D008875 D015995 
D000818 D001772 D001777 D005164 D005289 D005337 D011522 D019445 D012995 D010837 
D059001 D001692 D017753 D004784 D005618 D019015 D007194 D010944 D011059 D011850 D014501 
D000818 D002244 D002417 D005118 D006801 D008027 D011835 D012243 D012374 
D000328 D001363 D035843 D015331 D005260 D006801 D008297 D009316 D009885 D012109 D017678 D014481 
D000818 D045744 D003037 D003106 D053903 D004260 D005720 D006801 D011829 D011836 D051381 D014965 
D000818 D017209 D045744 D002470 D018840 D018841 D006801 D051379 D020442 D011838 D013234 D023041 
D001430 D018552 D004347 D005720 D008089 D039821 D009561 D009822 D011836 D011838 D012486 
D016923 D015687 D002460 D002470 D053903 D004307 D006801 D018499 D008954 D010100 D011336 
D000368 D015415 D001862 D003094 D004311 D005260 D006801 D055909 D008875 D015675 D010012 D010024 D058748 D010446 D013131 D013997 D016896 
D000970 D045744 D019583 D004305 D004334 D005472 D006801 D011836 D011838 
D000818 D001808 D003238 D004307 D007249 D007275 D008168 D008297 D008863 D011868 D051381 D017208 D012119 D012211 
