["24052309", "24052308", "24052307", "24052302", "24050109", "24050108", "24050107", "24050106", "24050105", "24050104", "24050103", "24050102", "24050101", "24050100", "24050099", "24050098", "24050097", "24050096", "24050095", "24050094", "24050093", "24050092", "24050091", "24050090", "24050089", "24050088", "24050087", "24050086", "24050085", "24050084", "24050083", "24050082", "24050081", "24050080", "24050079", "24050078", "24050077", "24050076", "24050075", "24050074", "24050073", "24050072", "24050071", "24050070", "24050069", "24050068", "24050067", "24050066", "24050050", "24050049", "24050048", "24050047", "24050044", "24050042", "24050041", "24050039", "24050038", "24050037", "24050036", "24050035", "24050034", "24050033", "24050032", "24050031", "24050030", "24050029", "24050028", "24050027", "24050026", "24050025", "24050024", "24050004", "24050003", "24050002", "24050001", "24050000", "24049999", "24049998", "24049997", "24049996", "24049995", "24049994", "24049993", "24049992", "24049982", "24049980", "24049979", "24049978", "24049977", "24049976", "24049975", "24049974", "24049973", "24049972", "24049971", "24049970", "24049969", "24049968", "24049967", "24049966", "24049965", "24049964", "24049963", "24049962", "24049961", "24049840", "24049817", "24049816", "24049815", "24049813", "24049812", "24049811", "24049808", "24048070", "24048069", "24048068", "24048067", "24048066", "24048065", "24047062", "24047061", "24047060", "24047059", "24047050", "24047049", "24047048", "24047047", "24047046", "24047045", "24047044", "24047043", "24047042", "24047041", "24047040", "24047039", "24047038", "24047037", "24047036", "24047035", "24047034", "24047033", "24047032", "24047031", "24047030", "24047029", "24047028", "24047027", "24047026", "24047025", "24047024", "24047023", "24047022", "24047021", "24047020", "24047019", "24047018", "24047017", "24047016", "24047015", "24047014", "24047013", "24047012", "24047011", "24047010", "24047009", "24047008", "24047007", "24046994", "24046993", "24046992", "24046991", "24046990", "24046989", "24046988", "24046987", "24046986", "24046985", "24046984", "24046983", "24046982", "24046981", "24046980", "24046979", "24046978", "24046977", "24046976", "24046975", "24046972", "24046971", "24046970", "24046969", "24046968", "24046950", "24046949", "24046948", "24046947", "24046946", "24046945", "24046944", "24046941", "24046940", "24046939", "24046938", "24046937", "24046935", "24046934", "24046933", "24046920", "24046919", "24046918", "24046917", "24046916", "24046915", "24046913", "24046912", "24046911", "24046910", "24046909", "24046908", "24046907", "24046906", "24046905", "24046904", "24046903", "24046878", "24046877", "24046876", "24046875", "24046871", "24046870", "24046869", "24046868", "24046867", "24046866", "24046865", "24046864", "24046863", "24046862", "24046861", "24046860", "24046859", "24046834", "24045742", "24045741", "24045740", "24044786", "24044293", "24044291", "24044290", "24044289", "24044288", "24044287", "24044286", "24044285", "24044284", "24044283", "24044282", "24044281", "24044280", "24044279", "24044278", "24044277", "24044227", "24044225", "24044224", "24044223", "24044222", "24044221", "24044220", "24044219", "24044218", "24044217", "24044216", "24044215", "24044214", "24044213", "24044212", "24044211", "24044210", "24044209", "24044208", "24044207", "24044206", "24044157", "24044156", "24044155", "24044153", "24044152", "24044151", "24044150", "24044149", "24044148", "24044147", "24044145", "24044144", "24044143", "24044136", "24040742", "24040741", "24040740", "24040739", "24040738", "24040734", "24040733", "24040732", "24040731", "24040730", "24040729", "24040728", "24040727", "24040726", "24040725", "24040724", "24040723", "24040722", "24040721", "24040720", "24040719", "24040718", "24040717", "24040716", "24040715", "24040714", "24040713", "24040712", "24040711", "24040707", "24040706", "24040700", "24040699", "24040698", "24040697", "24040696", "24040695", "24032340", "24032339", "24032338", "24032336", "24032335", "24032334", "24032333", "24032332", "24032331", "24032330", "24032329", "24032328", "24032327", "24032326", "24032325", "24032324", "24032323", "24032322", "24032321", "24032320", "24032319", "24032318", "24032317", "24032316", "24032315", "24032314", "24032313", "24032312", "24032294", "24032293", "24032292", "24032291", "24032290", "24032289", "24032288", "24032287", "24032286", "24032285", "24032284", "24032283", "24032282", "24032281", "24032280", "24032279", "24032278", "24032277", "24032276", "24032275", "24032274", "24032273", "24032272", "24032271", "24032270", "24032269", "24032268", "24032267", "24032266", "24032265", "24032264", "24032263", "24032262", "24032261", "24032260", "24032259", "24032258", "24032257", "24032236", "24032235", "24032234", "24032212", "24032211", "24032208", "24032207", "24032205", "24032204", "24032203", "24032202", "24032201", "24032199", "24032197", "24032196", "24032195", "24032193", "24032192", "24032191", "24032188", "24032187", "24032186", "24032185", "24032184", "24030490", "24026759", "24026349", "24026347", "24026346", "24025767", "24009356", "24007710", "24007709", "24007708", "24007707", "24007706", "24007705", "24007704", "24006133", "24004493", "24004492", "24004431", "24004430", "24004429", "24004428", "24004427", "24004426", "23999933", "23996988", "23996987", "23996986", "23996985", "23996984", "23996983", "23996982", "23995690", "23995689", "23995685", "23995608", "23995411", "23995410", "23995409", "23995408", "23995407", "23995406", "23995405", "23995404", "23995403", "23995402", "23995401", "23995400", "23995399", "23991625", "23989956", "23988376", "23988375", "23988374", "23988373", "23988372", "23988371", "23988370", "23988369", "23988368", "23987721", "23987720", "23987719", "23987695", "23987694", "23987693", "23986065", "23986064", "23986063", "23986062", "23986061", "23986060", "23986059", "23986058", "23986057", "23986056", "23986055", "23986054", "23986053", "23986052", "23986051", "23986050", "23986049", "23986048", "23986047", "23986046", "23986045", "23986044", "23986043", "23986042", "23986041", "23986040", "23986039", "23986038", "23986037", "23986036", "23985349", "23985348", "23985347", "23982585", "23982584", "23982583", "23982582", "23982581", "23982580", "23982579", "23982578", "23982577", "23982576", "23982575", "23982574", "23982573", "23982572", "23980661", "23977829", "23977828", "23977827", "23977826", "23975098", "23975097", "23971704", "23971703", "23971702", "23971701", "23966599", "23966598", "23966597", "23966596", "23966595", "23966594", "23965719", "23965718", "23965717", "23965716", "23965628", "23965626", "23965597", "23965596", "23965595", "23965594", "23965593", "23960228", "23960227", "23960224", "23960220", "23960219", "23960217", "23955152", "23955151", "23950497", "23948420", "23948419", "23948418", "23948417", "23948416", "23948415", "23948414", "23948413", "23948412", "23948411", "23948410", "23948409", "23948408", "23948407", "23948406", "23948405", "23948404", "23948403", "23948402", "23948401", "23948400", "23948399", "23945590", "23945212", "23945211", "23945210", "23945209", "23945208", "23945207", "23945206", "23945205", "23937373", "23937372", "23937371", "23937370", "23937369", "23937368", "23937101", "23934109", "23933610", "23933609", "23933608", "23933607", "23933606", "23929949", "23925837", "23925835", "23925834", "23925833", "23925832", "23925831", "23925204", "23925203", "23925202", "23925201", "23925200", "23925199", "23925198", "23925197", "23925196", "23925195", "23925194", "23925193", "23925192", "23925191", "23925190", "23925189", "23925188", "23925187", "23925186", "23925185", "23925184", "23925183", "23925182", "23925181", "23925180", "23925179", "23925178", "23925177", "23925176", "23925175", "23916908", "23916907", "23916906", "23916905", "23915163", "23915162", "23915161", "23915160", "23915159", "23915158", "23915157", "23915156", "23915155", "23915154", "23915153", "23915152", "23913135", "23910719", "23895619", "23883918", "23883911", "23883910", "23883909", "23883903", "23883902", "23883895"]