["23620900", "23620898", "23620897", "23620896", "23620055", "23620054", "23620053", "23620052", "23620051", "23620050", "23620046", "23619696", "23619694", "23619693", "23619691", "23617218", "23617217", "23617216", "23617215", "23617214", "23617213", "23617212", "23617211", "23617210", "23617209", "23617208", "23617207", "23617206", "23617205", "23617204", "23617203", "23617202", "23617201", "23617200", "23617199", "23617192", "23617191", "23617190", "23617189", "23617188", "23617187", "23617172", "23617171", "23617170", "23617168", "23617167", "23617165", "23617162", "23617161", "23617159", "23617158", "23617157", "23617155", "23617154", "23617152", "23617151", "23617150", "23617149", "23617147", "23617145", "23617144", "23617143", "23617142", "23617141", "23617140", "23617138", "23617137", "23617136", "23617135", "23617134", "23617133", "23617132", "23617130", "23617129", "23617128", "23617127", "23617125", "23617124", "23617123", "23617120", "23617118", "23617115", "23617102", "23617101", "23617100", "23617099", "23617096", "23617095", "23617094", "23617093", "23617092", "23617091", "23617090", "23617089", "23617088", "23617086", "23617084", "23617083", "23617082", "23617081", "23617077", "23617076", "23617075", "23617074", "23617073", "23617072", "23617071", "23617070", "23617069", "23617068", "23617063", "23617062", "23617061", "23617060", "23617059", "23617058", "23617039", "23617038", "23617037", "23616986", "23615067", "23615066", "23615065", "23615064", "23615063", "23615062", "23615061", "23615060", "23614587", "23614586", "23614585", "23614584", "23614331", "23614330", "23614329", "23614328", "23614327", "23614326", "23614324", "23614323", "23614322", "23614321", "23614320", "23614319", "23614318", "23614317", "23614316", "23614296", "23614295", "23614294", "23614293", "23614291", "23614290", "23614289", "23614288", "23614286", "23614285", "23614284", "23614283", "23614282", "23614281", "23614280", "23614279", "23614278", "23614277", "23614276", "23614275", "23614274", "23614273", "23614272", "23614271", "23614270", "23614269", "23614268", "23614267", "23614266", "23614265", "23614264", "23614263", "23614262", "23614258", "23614257", "23614256", "23614255", "23614254", "23614253", "23614252", "23614251", "23614246", "23614245", "23614244", "23614243", "23614242", "23614241", "23614240", "23614239", "23614238", "23614237", "23614236", "23614235", "23614234", "23614233", "23614232", "23614231", "23614230", "23614229", "23614228", "23614227", "23614226", "23614225", "23614224", "23614223", "23614179", "23614178", "23614177", "23614176", "23614175", "23614174", "23614169", "23614168", "23614167", "23614166", "23614165", "23614162", "23614161", "23614160", "23614159", "23614158", "23614156", "23614154", "23614145", "23613077", "23613076", "23613075", "23613074", "23611016", "23611015", "23611014", "23611013", "23611012", "23611011", "23611009", "23611008", "23611007", "23611006", "23611002", "23611001", "23611000", "23610999", "23610998", "23610997", "23610996", "23610995", "23610994", "23610993", "23610992", "23610991", "23610990", "23610989", "23610988", "23610987", "23610986", "23610985", "23610984", "23610983", "23610982", "23610981", "23610979", "23610978", "23610977", "23610976", "23610975", "23610974", "23610973", "23610972", "23610971", "23610970", "23610969", "23610968", "23610967", "23610966", "23610965", "23610964", "23610963", "23610962", "23610961", "23610960", "23610959", "23610958", "23610957", "23610956", "23610955", "23610954", "23610953", "23610952", "23610951", "23610950", "23610949", "23610948", "23610947", "23610946", "23610945", "23610944", "23610943", "23610942", "23610941", "23610940", "23610939", "23610938", "23610937", "23610936", "23610935", "23610931", "23610928", "23610927", "23610921", "23610918", "23610917", "23610916", "23610915", "23610914", "23610912", "23610911", "23610910", "23610909", "23610908", "23610907", "23610906", "23610905", "23610904", "23610903", "23610902", "23610901", "23610900", "23610899", "23610898", "23610897", "23610896", "23610880", "23610879", "23610878", "23610877", "23610876", "23610875", "23610874", "23610873", "23610872", "23610870", "23610869", "23610868", "23610867", "23610866", "23610865", "23610864", "23610863", "23610862", "23610861", "23610860", "23610859", "23610858", "23610857", "23610856", "23610855", "23610854", "23610853", "23610852", "23610851", "23610850", "23610849", "23610848", "23610847", "23610842", "23610824", "23610823", "23610822", "23610821", "23610820", "23610819", "23610818", "23610817", "23610816", "23610815", "23610814", "23610813", "23610812", "23610811", "23610810", "23610805", "23610788", "23608014", "23608013", "23608012", "23608011", "23608010", "23608009", "23608008", "23608006", "23608005", "23607252", "23607249", "23607248", "23607247", "23607246", "23607243", "23607242", "23607241", "23607240", "23607239", "23607238", "23607237", "23607236", "23607235", "23607233", "23607232", "23607231", "23607230", "23607229", "23607228", "23607227", "23607226", "23607225", "23607223", "23607219", "23607218", "23607217", "23607216", "23607215", "23607214", "23607213", "23607212", "23607211", "23607210", "23607209", "23607208", "23607207", "23607206", "23607205", "23607204", "23607203", "23607202", "23607201", "23607194", "23607193", "23607192", "23607191", "23607188", "23607187", "23607186", "23607185", "23607184", "23607183", "23607182", "23607181", "23607176", "23607175", "23607174", "23607173", "23607172", "23607171", "23607170", "23607169", "23607168", "23607167", "23607166", "23607165", "23607159", "23607158", "23607157", "23607156", "23607155", "23607154", "23600329", "23600328", "23600327", "23600324", "23600323", "23600321", "23600320", "23600319", "23600318", "23600317", "23600316", "23600315", "23600314", "23600310", "23600308", "23600307", "23600306", "23600305", "23600304", "23600303", "23600302", "23600301", "23600300", "23600299", "23600298", "23600297", "23600293", "23600290", "23600289", "23600288", "23600287", "23600286", "23600285", "23600284", "23600283", "23600282", "23600281", "23600280", "23600279", "23600278", "23600276", "23600275", "23600274", "23600269", "23600268", "23600267", "23600266", "23600259", "23600258", "23600257", "23600256", "23600255", "23600254", "23600253", "23600252", "23600251", "23600250", "23600249", "23600248", "23600247", "23600246", "23600245", "23600244", "23600243", "23600242", "23600241", "23600240", "23600239", "23600238", "23600237", "23600236", "23600235", "23600234", "23600197", "23600196", "23600195", "23600194", "23600193", "23600192", "23600191", "23600190", "23600189", "23600188", "23600187", "23600186", "23600185", "23600184", "23600182", "23600180", "23600179", "23600178", "23600176", "23600175", "23600174", "23600173", "23600172", "23600171", "23600169", "23600168", "23600167", "23600166", "23600165", "23600163", "23600162", "23600161", "23600157", "23600156", "23600155", "23600154", "23600153", "23600152", "23600151", "23600150", "23600149", "23600148", "23600147", "23600146", "23600145", "23600144", "23600143", "23600142", "23600141", "23600140", "23600139", "23600138", "23600137", "23600136", "23600135", "23600134", "23600103", "23600101", "23600100", "23600099", "23600098", "23600096", "23600095", "23600094", "23600093", "23600092", "23600091", "23600090", "23600053", "23600052", "23600051", "23600050", "23600049", "23600048", "23600047", "23600046", "23600045", "23600037", "23600036", "23600035", "23600034", "23600033", "23600032", "23600027", "23600026", "23600025", "23600024", "23600023", "23600022", "23600021", "23600002", "23599980", "23599979", "23599498", "23599497", "23599496", "23599495", "23599494", "23599493", "23599492", "23599491", "23599490", "23599486", "23599485", "23599484", "23599483", "23599482", "23599481", "23599480", "23599479", "23599478", "23599477", "23598852", "23598851", "23598850", "23598849", "23598848", "23598847", "23598846", "23598845", "23598844", "23598843", "23598842", "23598841", "23598840", "23598839", "23598340", "23598339", "23598338", "23594743", "23594742", "23591705", "23584563", "23582727", "23582723", "23575637", "23575632", "23575630", "23575629", "23575546", "23575545", "23575544", "23575543", "23575542", "23575541", "23575540", "23575539", "23575538", "23575537", "23575536", "23575535", "23575534", "23575532", "23575531", "23575530", "23565316", "23565309", "23565308", "23565307", "23565306", "23565304", "23565302", "23565300", "23564233", "23563268", "23563266", "23560791", "23560790", "23560789", "23560788", "23560787", "23560786", "23560785", "23560784", "23560783", "23560782", "23552893", "23552891", "23552890", "23552889", "23552706", "23552705", "23552704", "23552703", "23552702", "23548357", "23548356", "23548353", "23548352", "23548351", "23548350", "23548349", "23548347", "23548346", "23548345", "23548344", "23546827", "23542591", "23542590"]