["23926867", "23926866", "23926865", "23926864", "23926863", "23926861", "23926860", "23926859", "23926855", "23926854", "23926853", "23926852", "23926851", "23926850", "23926849", "23926848", "23926847", "23926846", "23926845", "23926833", "23926832", "23926831", "23926830", "23926817", "23926816", "23926815", "23926814", "23926813", "23926811", "23926810", "23926809", "23926808", "23926807", "23926806", "23926805", "23926804", "23926803", "23926802", "23926801", "23926800", "23926799", "23926798", "23926797", "23926796", "23926795", "23926794", "23926793", "23926792", "23926791", "23926790", "23926789", "23926788", "23926787", "23926786", "23926785", "23926784", "23926783", "23926782", "23926781", "23926780", "23926779", "23926778", "23926777", "23926776", "23926775", "23926774", "23926773", "23926772", "23926771", "23926770", "23926769", "23926768", "23926767", "23926766", "23926765", "23926764", "23926763", "23926762", "23926761", "23926760", "23926759", "23926755", "23926753", "23926752", "23926751", "23926750", "23926746", "23926741", "23926740", "23926739", "23926738", "23926737", "23926736", "23926735", "23926734", "23926733", "23926732", "23926731", "23926730", "23926729", "23926728", "23926727", "23926726", "23926725", "23926724", "23926723", "23926706", "23926705", "23926704", "23926703", "23926702", "23926701", "23926700", "23926699", "23926697", "23926696", "23926695", "23926694", "23926693", "23926692", "23926691", "23926690", "23926689", "23926667", "23926666", "23926665", "23926664", "23926663", "23926662", "23926661", "23926660", "23926659", "23926658", "23926657", "23926656", "23926655", "23926654", "23926653", "23926652", "23926651", "23926650", "23926649", "23926648", "23926638", "23926636", "23925622", "23925621", "23925620", "23925619", "23925383", "23925380", "23925379", "23925378", "23925377", "23925376", "23925246", "23925245", "23925244", "23925243", "23925242", "23925240", "23925239", "23925238", "23924004", "23924003", "23924002", "23923815", "23923814", "23923812", "23923811", "23923810", "23923809", "23923808", "23923807", "23923805", "23923804", "23923803", "23923802", "23923801", "23923800", "23923799", "23923795", "23923794", "23923793", "23923792", "23923791", "23923790", "23923789", "23923788", "23923787", "23923786", "23923785", "23923784", "23923783", "23923782", "23923781", "23923780", "23923779", "23923778", "23923777", "23923776", "23923775", "23923774", "23923773", "23923772", "23923771", "23923764", "23923763", "23923761", "23923760", "23923759", "23923758", "23923757", "23923755", "23923754", "23923753", "23923752", "23923748", "23923747", "23923742", "23923741", "23923740", "23923739", "23923738", "23923737", "23923736", "23923735", "23923734", "23923732", "23923731", "23923730", "23923729", "23923728", "23923727", "23923726", "23923697", "23923694", "23923693", "23923692", "23923691", "23923690", "23923689", "23923688", "23923681", "23923680", "23923679", "23923677", "23923676", "23923675", "23923674", "23923673", "23923672", "23923671", "23923670", "23923669", "23923668", "23923656", "23923652", "23923651", "23923650", "23923649", "23923648", "23923647", "23923646", "23923645", "23923644", "23923643", "23923642", "23923641", "23923640", "23923639", "23923638", "23923637", "23923636", "23923635", "23923634", "23923633", "23923632", "23923631", "23923630", "23923629", "23923628", "23923627", "23923626", "23923625", "23923624", "23923623", "23923622", "23923621", "23923620", "23923619", "23923618", "23923617", "23923616", "23923615", "23923614", "23923613", "23923612", "23923611", "23923610", "23923609", "23923608", "23923607", "23923606", "23923605", "23923604", "23923603", "23923600", "23923599", "23923598", "23923597", "23923596", "23923591", "23923590", "23923589", "23923588", "23923587", "23923586", "23923585", "23923530", "23923528", "23923527", "23923526", "23923525", "23923524", "23923522", "23923521", "23923520", "23923504", "23923503", "23923502", "23923501", "23923500", "23923499", "23923498", "23923497", "23923496", "23923495", "23923494", "23923493", "23923492", "23923485", "23923483", "23923482", "23923481", "23923480", "23923479", "23923473", "23923472", "23923471", "23923470", "23923469", "23923467", "23923464", "23923460", "23923457", "23923456", "23923455", "23923454", "23923453", "23923452", "23923451", "23923444", "23923443", "23923442", "23923441", "23923440", "23923439", "23923437", "23923436", "23923435", "23923434", "23923433", "23923432", "23923431", "23923430", "23923429", "23923428", "23923427", "23923426", "23923425", "23923424", "23923423", "23923422", "23923421", "23923420", "23923419", "23923418", "23923417", "23923416", "23923415", "23923414", "23923413", "23923411", "23923410", "23923409", "23923408", "23923407", "23923406", "23923405", "23923404", "23923403", "23923402", "23923401", "23923400", "23923399", "23923398", "23923397", "23923396", "23923395", "23923394", "23923393", "23923392", "23923391", "23923390", "23923389", "23923388", "23923387", "23923386", "23923385", "23923384", "23923383", "23923382", "23923373", "23923372", "23923371", "23923370", "23923369", "23923368", "23923354", "23923353", "23923352", "23923351", "23923350", "23923349", "23923347", "23923346", "23923345", "23923344", "23923335", "23923334", "23923333", "23923332", "23923331", "23923330", "23923329", "23923328", "23923327", "23923326", "23923325", "23923324", "23923323", "23923290", "23923287", "23923285", "23923284", "23923283", "23923282", "23923280", "23923271", "23923270", "23923268", "23923267", "23923255", "23923254", "23923253", "23923252", "23923251", "23923250", "23923249", "23923248", "23923246", "23923244", "23923243", "23923242", "23923241", "23923240", "23923239", "23923233", "23923217", "23923193", "23923191", "23923185", "23923184", "23923180", "23923179", "23923178", "23923168", "23923167", "23923165", "23923164", "23923163", "23923162", "23923161", "23923152", "23923151", "23923149", "23920072", "23919402", "23919237", "23919230", "23919229", "23917989", "23917988", "23917062", "23917061", "23917060", "23917059", "23917058", "23917057", "23917056", "23917055", "23917054", "23917053", "23917052", "23917051", "23917050", "23917049", "23917048", "23917047", "23917046", "23917045", "23915376", "23914985", "23914905", "23914731", "23914708", "23914707", "23914706", "23914695", "23914694", "23914693", "23914692", "23914691", "23914690", "23914680", "23914679", "23914678", "23914677", "23914676", "23914675", "23914656", "23914650", "23914649", "23914648", "23914647", "23914646", "23914645", "23914644", "23914643", "23914642", "23914641", "23914640", "23914639", "23914638", "23914637", "23914636", "23914635", "23914634", "23914633", "23914632", "23914631", "23914630", "23914629", "23914628", "23914627", "23914626", "23914625", "23914623", "23914622", "23914621", "23914620", "23914605", "23914604", "23914603", "23914602", "23914601", "23914600", "23914599", "23914598", "23914581", "23914579", "23914578", "23914577", "23914575", "23914574", "23914573", "23914572", "23914571", "23914511", "23914510", "23914509", "23914508", "23914507", "23914506", "23914505", "23914504", "23914503", "23914502", "23914501", "23914500", "23914499", "23914498", "23914497", "23914496", "23914495", "23914494", "23914493", "23914492", "23914491", "23914490", "23914489", "23914488", "23914487", "23914486", "23914485", "23914484", "23914483", "23914482", "23914481", "23914476", "23914475", "23914474", "23914463", "23914462", "23914461", "23914460", "23914459", "23914458", "23914457", "23914456", "23914455", "23914448", "23914427", "23914426", "23914425", "23914424", "23914423", "23914422", "23914421", "23914420", "23914419", "23914418", "23914417", "23914416", "23914415", "23914414", "23914413", "23914412", "23914411", "23914410", "23914399", "23914366", "23913638", "23909235", "23909234", "23909233", "23909232", "23909231", "23909230", "23909229", "23909228", "23909226", "23909225", "23909224", "23909222", "23909221", "23909219", "23909218", "23909217", "23909208", "23909203", "23909202", "23909201", "23909200", "23909199", "23909198", "23909197", "23909196", "23909190", "23909189", "23909188", "23909187", "23909181", "23909180", "23909179", "23909178", "23909177", "23909176", "23909169", "23909168", "23909167", "23909166", "23909165", "23909159", "23909158", "23909157", "23909155", "23909154", "23909153", "23909152", "23909151", "23909150", "23909146", "23909145", "23909144", "23909143", "23909142", "23909141", "23909140", "23909139", "23909138", "23909137", "23909136", "23909135", "23909134", "23909133", "23909132", "23909131", "23909130", "23909129", "23909128", "23909127", "23909126", "23909125", "23909124", "23909123", "23909122", "23909121", "23909120", "23909119", "23909118", "23909117", "23909116", "23909115", "23909114", "23909113", "23909111", "23909110", "23909109", "23909108", "23909107", "23909106", "23909105", "23909102", "23909101", "23909100", "23909099", "23909098", "23909097", "23909096", "23909095", "23909094", "23909093", "23909092", "23909091", "23909090", "23909089", "23909088", "23909087", "23909086", "23909085", "23909084", "23909081", "23909080", "23909079", "23909078", "23909077", "23909076", "23909073", "23909069", "23909066", "23909065", "23909061", "23909060", "23909059", "23909058", "23909057", "23909056", "23909055", "23909043", "23909042", "23909041", "23909040", "23909039", "23909038", "23909037", "23909036", "23909035", "23909034", "23909033", "23909032", "23909022", "23909021", "23909020", "23909019", "23909018", "23909017", "23909016", "23909015", "23909014", "23907468", "23907467", "23907466", "23907465", "23907464", "23907463", "23907461", "23907460", "23907459", "23907458", "23905230", "23905228", "23905227", "23905226", "23905225", "23905218", "23905215", "23903661", "23902899", "23902893", "23902892", "23902891", "23902890", "23902889", "23902888", "23902887", "23902886", "23902885", "23902884", "23902883", "23902882", "23902881", "23902880", "23902879", "23902878", "23902849", "23902848", "23902847", "23902846", "23902845", "23902844", "23902842", "23902841", "23902840", "23902839", "23902838", "23902837", "23902836", "23902835", "23902834", "23902729", "23902681", "23902640", "23902626", "23902621", "23902620", "23902619", "23902618", "23902617", "23902616", "23902615", "23902614", "23902613", "23902611", "23902610", "23902592", "23901871", "23901870", "23901869", "23901868", "23901452", "23901451", "23901450", "23901448", "23901447", "23901282", "23901281", "23901280", "23901279", "23901266", "23901265", "23901264", "23900035", "23899463", "23899390", "23899288", "23898868", "23898829", "23898808", "23898227", "23898223", "23895539", "23895263", "23895227", "23895057", "23894268", "23892727", "23890471", "23890016", "23889997", "23889975", "23889924", "23889860", "23889499", "23888111", "23888110", "23885957", "23885887", "23885806", "23885765", "23885764", "23885171", "23885170", "23885169", "23883436", "23883434", "23883404", "23883337", "23883324", "23883280", "23883165", "23883144", "23883112", "23880478", "23880226", "23879797", "23879483", "23878531", "23878530", "23878529", "23878528", "23878527", "23878526", "23878525", "23878524", "23878523", "23878522", "23878521", "23878520", "23878415", "23877815", "23877813", "23877812", "23877811", "23877810", "23877809", "23877808", "23877807", "23877806", "23877158", "23877157", "23877156", "23877155", "23877154", "23877153", "23876112", "23876095", "23876079", "23876062", "23876008", "23875869", "23875738", "23875619", "23875614", "23874093", "23874092", "23874091", "23874084", "23873575", "23873574", "23873573", "23873572", "23873571", "23873570", "23873569", "23873568", "23873567", "23873566", "23873565", "23873564", "23873563", "23873562", "23873561", "23873560", "23873559", "23873558", "23873557", "23873556", "23873555", "23873554", "23873553", "23873552", "23873551", "23873550", "23873549", "23873548", "23873547", "23873546", "23873545", "23873544", "23873543", "23873542", "23873541", "23870781", "23870779", "23870778", "23870777", "23870776", "23870775", "23870774", "23870726", "23870725", "23870724", "23870723", "23870722", "23870721", "23870720", "23870719", "23870708", "23870627", "23870623", "23870615", "23870515", "23870415", "23870398", "23870330", "23870248", "23870197", "23870167", "23870068", "23869170", "23868763", "23868761", "23866943", "23866939", "23866926", "23866925", "23866924", "23866915", "23866906", "23866905", "23866861", "23866850", "23866844", "23866835", "23866834", "23866826", "23866815", "23866814", "23866809", "23866771", "23866730", "23866673", "23866312", "23866307", "23866259", "23866258", "23866170", "23866119", "23866050", "23865984", "23865912", "23865898", "23865844", "23865838", "23865626", "23865487", "23864962", "23864961", "23864835", "23864834", "23864833", "23864832", "23864831", "23864830", "23864829", "23864828", "23864826", "23864825", "23864824", "23864823", "23864822", "23864821", "23864820", "23864818", "23864037", "23864036", "23863684", "23863683", "23863682", "23863681", "23863680", "23863679", "23863678", "23863677", "23863675", "23863674", "23863673", "23863672", "23863671", "23863670", "23863669", "23863612", "23863575", "23863545", "23863487", "23863220", "23862076", "23862075", "23861659", "23861658", "23861657", "23861656", "23861655", "23861654", "23861653", "23861652", "23861651", "23859524", "23859523", "23859522", "23859519", "23859518", "23859517", "23859516", "23859515", "23859514", "23859178", "23859177", "23859176", "23859175", "23859174", "23859173", "23859172", "23859171", "23859170", "23859169", "23859168", "23859167", "23859166", "23859165", "23859164", "23859163", "23859162", "23859161", "23859160", "23859002", "23857411", "23856348", "23856321", "23856015", "23855935", "23855655", "23855639", "23855530", "23855448", "23855394", "23855374", "23853696", "23853543", "23853542", "23853541", "23853530", "23853529", "23853528", "23853507", "23853506", "23853505", "23853504", "23853365", "23853364", "23853363", "23853362", "23853361", "23853360", "23853359", "23853358", "23853357", "23853356", "23853355", "23853354", "23853353", "23853352", "23853351", "23851393", "23849485", "23849457", "23849451", "23849432", "23849218", "23849081", "23849048", "23848987", "23848986", "23848942", "23847002", "23847001", "23847000", "23845161", "23845137", "23845057", "23845000", "23844983", "23844969", "23844762", "23844568", "23843133", "23842583"]