["24159661", "24159660", "24159658", "24159657", "24159656", "24159655", "24159046", "24159045", "24159044", "24159039", "24156211", "24156210", "24156209", "24156198", "24156196", "24156195", "24156194", "24156192", "24156190", "24156189", "24156188", "24156171", "24156170", "24156169", "24156168", "24156167", "24156166", "24152262", "24152261", "24152260", "24151795", "24151794", "24151793", "24151792", "24151791", "24151790", "24151789", "24151788", "24151787", "24151786", "24151785", "24151685", "24151684", "24151683", "24151682", "24151681", "24151680", "24151679", "24151678", "24151677", "24151676", "24151675", "24151637", "24150468", "24150467", "24150466", "24147390", "24147389", "24147388", "24147387", "24147386", "24147385", "24147384", "24147383", "24147382", "24147373", "24147372", "24147371", "24147370", "24147369", "24147368", "24147367", "24147366", "24147365", "24147364", "24147363", "24147362", "24147361", "24147360", "24147359", "24147358", "24147357", "24147356", "24147355", "24137989", "24137988", "24137987", "24137986", "24137985", "24137984", "24137983", "24137982", "24137981", "24137980", "24137979", "24137978", "24137977", "24137976", "24137975", "24137974", "24137973", "24137972", "24137971", "24137970", "24137969", "24137968", "24137967", "24137966", "24137965", "24137964", "24137963", "24137962", "24137961", "24137960", "24137959", "24137958", "24137956", "24137955", "24137954", "24137953", "24137952", "24137951", "24137950", "24137949", "24137948", "24137947", "24137946", "24137945", "24137944", "24137943", "24137942", "24137941", "24137939", "24137938", "24137937", "24137936", "24137935", "24137934", "24137933", "24137932", "24137931", "24137930", "24137929", "24137928", "24137927", "24137926", "24137919", "24137917", "24137895", "24137893", "24137892", "24135777", "24135776", "24135775", "24135734", "24122194", "24122193", "24122192", "24122191", "24122190", "24122189", "24122188", "24122187", "24114781", "24108526", "24108510", "24108501", "24097234", "24091703", "24085481", "24085480", "24085479", "24085478", "24085477", "24085476", "24077516", "24077515", "24072823", "24072822", "24058091", "24058090", "24058089", "24058088", "24058087", "24058086", "24058085", "24046285", "24046155", "24041942", "24041703", "24035088", "24035087", "24035086", "24035085", "24035084", "24035083", "24035082", "24035081", "24035080", "24035079", "24035078", "24035077", "24035076", "24035075", "24035074", "24030722", "24030613", "24030612", "24030561", "24030023", "24030022", "24030021", "24028767", "24028765", "24028764", "24028700", "24028699", "24028698", "24028697", "24028696", "24028694", "24028667", "24028666", "24028665", "24028664", "24028663", "24028360", "24028359", "24028358", "24028357", "24028356", "24028355", "24028354", "24028161", "24028081", "24028080", "24026320", "24026319", "24026318", "24026317", "24026316", "24025759", "24025758", "24025757", "24025756", "24025755", "24025754", "24025658", "24025657", "24025525", "24025524", "24025523", "24025522", "24025521", "24025520", "24025519", "24025294", "24025293", "24025292", "24025291", "24025290", "24025289", "24025288", "24025287", "24025286", "24025285", "24025284", "24025283", "24025281", "24025280", "24025279", "24025278", "24025277", "24025276", "24025275", "24024516", "24024515", "24024514", "24024513", "24024512", "24024511", "24022787", "24022537", "24022536", "24022535", "24022534", "24022533", "24022532", "24022531", "24022530", "24022529", "24022528", "24022527", "24022454", "24022453", "24022452", "24022443", "24022442", "24022441", "24022440", "24022439", "24022438", "24022437", "24022436", "24022435", "24022434", "24022433", "24022432", "24022431", "24021518", "24021517", "24021516", "24021515", "24021504", "24021503", "24021502", "24021501", "24021498", "24021497", "24021496", "24020446", "24020445", "24020444", "24020407", "24020406", "24020405", "24020404", "24020403", "24019387", "24018646", "24018645", "24016767", "24016766", "24016765", "24016764", "24016763", "24016762", "24016033", "24016032", "24016031", "24016030", "24013899", "24013898", "24013897", "24013896", "24013895", "24013894", "24013893", "24013892", "24013891", "24013890", "24013889", "24012010", "24012009", "24012008", "24012007", "24012006", "24012005", "24012004", "24012003", "24012002", "24012001", "24012000", "24007856", "24006851", "24006167", "24006166", "24006165", "24006162", "24005491", "24005490", "24005489", "24005488", "24005487", "24005486", "24005485", "24004193", "24002795", "24002301", "24002300", "24001352", "24001320", "24001285", "24000922", "24000874", "24000778", "23999876", "23997310", "23997309", "23997308", "23997307", "23997306", "23997305", "23997304", "23997303", "23997302", "23997301", "23997300", "23997286", "23997285", "23997284", "23997283", "23996924", "23996923", "23996922", "23996067", "23991897", "23991656", "23990405", "23990016", "23990014", "23989050", "23989047", "23988836", "23988835", "23988834", "23988833", "23988832", "23988198", "23985123", "23985122", "23985121", "23985120", "23985119", "23985118", "23985117", "23985116", "23985115", "23985114", "23985113", "23985112", "23985111", "23985110", "23985109", "23985108", "23985107", "23985106", "23985105", "23985104", "23985103", "23985102", "23985101", "23984871", "23984703", "23984702", "23984701", "23982274", "23981063", "23981033", "23980992", "23980990", "23980989", "23980988", "23980968", "23980967", "23980966", "23980965", "23980791", "23980790", "23980789", "23980755", "23980717", "23979276", "23979275", "23979274", "23979273", "23979272", "23979271", "23979270", "23979269", "23979268", "23979267", "23978616", "23977668", "23977667", "23977666", "23977665", "23977664", "23975846", "23974272", "23974271", "23973193", "23970471", "23970469", "23969594", "23969593", "23969591", "23969590", "23969589", "23969588", "23969583", "23969582", "23968948", "23968947", "23968946", "23968945", "23968944", "23968943", "23968942", "23968941", "23968940", "23968939", "23968938", "23968937", "23968936", "23968935", "23968934", "23965125", "23964667", "23963166", "23962350", "23958655", "23958654", "23957047", "23957045", "23955546", "23955003", "23954880", "23954878", "23954877", "23954868", "23954254", "23954220", "23954219", "23954031", "23954030", "23952916", "23952335", "23952297", "23950153", "23948508", "23948085", "23948084", "23948081", "23948079", "23948019", "23948018", "23948017", "23948016", "23948014", "23948013", "23948012", "23948011", "23948010", "23948009", "23948008", "23948006", "23948005", "23948004", "23948003", "23948002", "23947999", "23947754", "23947685", "23947328", "23947326", "23947325", "23947324", "23947320", "23947319", "23947318", "23947317", "23947312", "23947310", "23947309", "23946265", "23944843", "23944748", "23944708", "23942975", "23942796", "23942237", "23942235", "23942232", "23941601", "23941044", "23939554", "23939469", "23939466", "23938600", "23937722", "23937719", "23937708", "23937569", "23935180", "23935179", "23935178", "23935177", "23935176", "23935050", "23935048", "23935047", "23935011", "23933420", "23933276", "23933273", "23932991", "23932658", "23932491", "23932490", "23932015", "23931109", "23930994", "23929909", "23929402", "23929398", "23928329", "23928327", "23928264", "23928110", "23927911", "23927893", "23927875", "23927858", "23927841", "23927819", "23927793", "23927566", "23927550", "23927543", "23927519", "23927518", "23927517", "23927516", "23927515", "23927514", "23927513", "23927512", "23927511", "23927510", "23927509", "23927508", "23927507", "23927506", "23927505", "23927504", "23927503", "23927502", "23927501", "23927482", "23926902", "23926300", "23926298", "23924878", "23924680", "23924679", "23924427", "23924424", "23924423", "23922306", "23921886", "23921884", "23921658", "23921656", "23921655", "23921654", "23921653", "23921652", "23921651", "23921553", "23919824", "23919803", "23919758", "23919303", "23919277", "23919244", "23918349", "23916666", "23915883", "23915332", "23914798", "23914795", "23913328", "23913326", "23913324", "23913323", "23913321", "23913320", "23913319", "23913318", "23913317", "23912910", "23911758", "23911754", "23911299", "23911298", "23911102", "23911082", "23910071", "23910055", "23909822", "23909465", "23909285", "23908469", "23907982", "23907597", "23907596", "23907595", "23906624", "23906622", "23906621", "23906620", "23906619", "23906320", "23906285", "23905680", "23902756", "23900876", "23900875", "23900874", "23900873", "23900872", "23900871", "23900870", "23900869", "23900868", "23900867", "23900866", "23900865", "23900864", "23900863", "23900607", "23900285", "23900239", "23900238", "23900048", "23899961", "23899826", "23899825", "23899349", "23899323", "23899291", "23898910", "23898798", "23897695", "23897651", "23897273", "23897090", "23897038", "23896958", "23896859", "23896623", "23896622", "23896410", "23896015", "23896013", "23896011", "23895620", "23895568", "23895532", "23893964", "23893953", "23893891", "23893872", "23893335", "23893308", "23893196", "23893195", "23893194", "23893193", "23893192", "23893191", "23893190", "23893189", "23893188", "23893187", "23893186", "23893185", "23893184", "23893183", "23893182", "23893181", "23893180", "23893179", "23893178", "23893177", "23893116", "23893115", "23893114", "23893113", "23893110", "23893109", "23893108", "23893107", "23892705", "23892407", "23891824", "23891822", "23891602", "23891601", "23891600", "23891596", "23891079", "23890416", "23890255", "23889134", "23888937", "23888932", "23888907", "23888871", "23887154", "23886302", "23886251", "23883617", "23881915", "23881643", "23881098", "23880120", "23880119", "23879431", "23879262", "23878841", "23878839", "23878838", "23878837", "23878836", "23878835", "23878143", "23878065", "23876435", "23875612", "23873916", "23873598", "23872947", "23871889", "23871514", "23871440", "23870388", "23870387", "23870024", "23868894", "23868893", "23868891", "23868890", "23868889", "23868888", "23868887", "23868886", "23868885", "23868884", "23868811", "23868765", "23868058", "23867276", "23866015", "23865987", "23865950", "23865662", "23865566", "23863317", "23863084", "23861230", "23861206", "23861198", "23861190", "23860200", "23860199", "23859893", "23859594", "23859359", "23857875", "23857870", "23857504", "23856984", "23856522", "23855811", "23855710", "23853044", "23851398", "23850912", "23850902", "23850423", "23850422", "23850143", "23850089", "23849459", "23849325", "23847196", "23846827", "23846759", "23846733", "23845705", "23845704", "23845703", "23845702", "23845473", "23845462", "23845202", "23844938", "23841904", "23841879", "23841854", "23841827", "23841814", "23841804", "23841750", "23841728", "23841696", "23841669", "23841486", "23840035", "23839797", "23838373", "23836873", "23836861", "23836524", "23835455", "23835308", "23835006", "23834814", "23834332", "23834247", "23832530", "23832487", "23832430", "23831444", "23830983", "23830820", "23830354", "23829494", "23827381", "23827088", "23826984", "23826934", "23826907", "23826876", "23825360", "23825359", "23824709", "23822145", "23821659", "23821540", "23819990", "23819923", "23819602", "23819525", "23819486", "23818448", "23817698", "23816838", "23816401", "23816270", "23816196", "23816193", "23816191", "23815818", "23815625", "23813947", "23813945", "23813912", "23813898", "23813881", "23813867", "23813854", "23813613", "23813576", "23813473", "23812672", "23810895", "23810463", "23810334", "23810332", "23810331", "23810330", "23810280", "23810074", "23809902", "23809757", "23809089", "23809084", "23809024", "23809022", "23809003", "23808943", "23808939", "23806730", "23806727", "23806339", "23804548", "23801409", "23801408", "23801407", "23800296", "23800229", "23798713", "23798361", "23798344", "23798026", "23797955", "23797727", "23797725", "23797724", "23797723", "23797722", "23797718", "23796977", "23796692", "23795952", "23795817", "23794417", "23793388", "23793387", "23792224", "23791909", "23791906", "23791905", "23791903", "23791888", "23791887", "23791886", "23791885", "23791884", "23791882", "23791880", "23791879", "23791878", "23791748", "23791461", "23791459", "23790634", "23790482", "23790129", "23790102", "23789883", "23789844", "23789642", "23789591", "23788509", "23788317", "23788275", "23788258", "23788005", "23786678", "23786352", "23784889", "23783428", "23782586", "23782585", "23782584", "23780385", "23777765", "23777452", "23777345", "23776154", "23775852", "23775832", "23775811", "23775774", "23775719", "23775718", "23775641", "23775566", "23775560", "23774400", "23774172", "23774169", "23773772", "23773771", "23773770", "23773418", "23773260", "23772771", "23769850", "23769180", "23768755", "23765713", "23765638", "23765377", "23764178", "23763391", "23759683", "23758403", "23756937", "23747789", "23747768", "23746332", "23746074", "23746054", "23744954", "23744806", "23744754", "23742864", "23742196", "23738949", "23737352", "23735348", "23733618", "23733178", "23733135", "23731948", "23730745", "23729388", "23726162", "23725878", "23725877", "23725769", "23725599", "23725597", "23722610", "23721367", "23721329", "23720339", "23720226", "23720157", "23720093", "23719932", "23719746", "23714741", "23714739", "23714738", "23714123", "23710940", "23710894", "23710834", "23707002", "23707001", "23706262", "23706261", "23694675", "23692658", "23688234", "23686809", "23684473", "23683798", "23683796", "23681930", "23681051", "23681050", "23681049", "23680182", "23680026", "23680016", "23679993", "23679957", "23679921", "23679843", "23679822", "23679231", "23679040", "23678993", "23678966", "23678951", "23678896", "23678887", "23678873", "23674289", "23673346", "23664377", "23664304", "23662850", "23648323", "23647649", "23646893", "23643661", "23639043", "23638961", "23621290", "23614997", "23614995", "23614993", "23614992", "23614991", "23611590", "23608116", "23601905", "23600567", "23587170", "23586858", "23582737", "23582279", "23581612", "23581293", "23572014", "23566572", "23562214", "23560662", "23557906", "23557903", "23551500", "23547894", "23544958", "23542639", "23541163"]