["23641512", "23641113", "23641111", "23641110", "23638610", "23638609", "23638607", "23638606", "23638601", "23638582", "23638581", "23638580", "23638579", "23638576", "23638530", "23638483", "23638482", "23638481", "23638480", "23638479", "23638466", "23636401", "23636399", "23636398", "23636397", "23636396", "23635051", "23635050", "23635049", "23634636", "23634635", "23634634", "23634618", "23634617", "23634616", "23634615", "23634614", "23634613", "23634612", "23634611", "23634610", "23634609", "23634608", "23634607", "23634606", "23634605", "23634604", "23634603", "23634602", "23634601", "23634600", "23634599", "23634598", "23634597", "23634596", "23634595", "23634594", "23634593", "23634592", "23634591", "23634590", "23634589", "23634588", "23634587", "23634586", "23634585", "23634584", "23634583", "23634582", "23634581", "23634579", "23634578", "23634577", "23634576", "23634575", "23634573", "23634572", "23634569", "23634568", "23634566", "23634565", "23634564", "23634563", "23634562", "23634561", "23634560", "23634559", "23634558", "23634549", "23634533", "23634532", "23634531", "23634530", "23634529", "23634528", "23634526", "23634524", "23634523", "23634507", "23634501", "23634500", "23634499", "23634498", "23634497", "23634496", "23634481", "23634480", "23634479", "23634478", "23634477", "23634476", "23634475", "23634474", "23634472", "23634461", "23634458", "23634456", "23634448", "23634447", "23634439", "23631339", "23631338", "23631337", "23631334", "23631333", "23631331", "23631330", "23631329", "23631328", "23631327", "23631326", "23631325", "23631324", "23631323", "23631322", "23631321", "23631320", "23631319", "23631318", "23631306", "23631305", "23631304", "23631303", "23631292", "23631291", "23631290", "23631289", "23631288", "23631287", "23631286", "23631285", "23631283", "23631282", "23631281", "23631280", "23631279", "23631278", "23631277", "23631276", "23631275", "23631274", "23631273", "23631272", "23631271", "23631270", "23631269", "23631268", "23631267", "23631266", "23631265", "23631264", "23631263", "23631262", "23631261", "23631260", "23631259", "23631258", "23631257", "23631256", "23631255", "23631254", "23631252", "23631251", "23631250", "23631249", "23631248", "23631246", "23631245", "23631244", "23631243", "23631242", "23631241", "23631240", "23631239", "23631238", "23631237", "23631236", "23631235", "23631234", "23631233", "23631232", "23631231", "23631230", "23631229", "23631228", "23631227", "23631226", "23631225", "23631224", "23631222", "23631221", "23631220", "23631219", "23631218", "23631217", "23631216", "23631215", "23631214", "23631213", "23631212", "23631211", "23631210", "23631209", "23631208", "23631207", "23631206", "23631205", "23631204", "23631203", "23631202", "23631200", "23631199", "23631198", "23631197", "23631196", "23631195", "23631192", "23631191", "23631190", "23631189", "23631188", "23631187", "23631186", "23631185", "23631184", "23631183", "23631182", "23631181", "23631180", "23631179", "23631178", "23631177", "23631176", "23631175", "23631174", "23631173", "23631172", "23631171", "23631170", "23631169", "23631167", "23631166", "23631165", "23631163", "23631162", "23631161", "23631160", "23631159", "23631158", "23631157", "23631156", "23631155", "23631154", "23631153", "23631152", "23631151", "23631150", "23631149", "23631148", "23631146", "23631145", "23631144", "23631138", "23631137", "23631135", "23631134", "23631133", "23631132", "23631131", "23631130", "23631129", "23631128", "23631127", "23631112", "23631109", "23631108", "23631098", "23631097", "23631095", "23631094", "23631088", "23631086", "23631085", "23631084", "23631083", "23631082", "23631081", "23631080", "23631049", "23631048", "23631047", "23631046", "23631045", "23631044", "23631043", "23631042", "23631005", "23631004", "23631003", "23631002", "23631001", "23631000", "23630999", "23630998", "23630997", "23630996", "23630994", "23630983", "23630979", "23630971", "23627249", "23627248", "23627247", "23627245", "23627244", "23627243", "23627242", "23627241", "23627232", "23627200", "23627199", "23627198", "23627197", "23627196", "23627195", "23627194", "23627193", "23627192", "23627191", "23627190", "23627188", "23627187", "23627186", "23627185", "23627184", "23627183", "23627182", "23627181", "23627180", "23627179", "23627178", "23627177", "23627176", "23627175", "23627174", "23627173", "23627172", "23627171", "23627170", "23627169", "23627168", "23627167", "23627166", "23627165", "23627164", "23627163", "23627162", "23627161", "23627160", "23627159", "23627158", "23627157", "23627156", "23627155", "23627153", "23627151", "23627150", "23627149", "23627148", "23627147", "23627146", "23627145", "23627144", "23627143", "23627142", "23627141", "23627140", "23627138", "23627137", "23627136", "23627135", "23627134", "23627133", "23627132", "23627131", "23627130", "23627129", "23627128", "23627127", "23627126", "23627125", "23627124", "23627123", "23627122", "23627121", "23627120", "23627119", "23627118", "23627117", "23627116", "23627115", "23627114", "23627113", "23627112", "23627111", "23627110", "23627109", "23627108", "23627107", "23627106", "23627105", "23627104", "23627103", "23627102", "23627101", "23627100", "23627099", "23627098", "23627097", "23627096", "23627095", "23627094", "23627093", "23627092", "23627091", "23627090", "23627089", "23627088", "23627087", "23627086", "23627085", "23627084", "23627083", "23627082", "23627081", "23627080", "23627079", "23627078", "23627077", "23627076", "23627075", "23627074", "23627073", "23627072", "23627071", "23627070", "23627069", "23627068", "23627067", "23627066", "23627065", "23627064", "23627063", "23627062", "23627061", "23627060", "23627059", "23627058", "23627057", "23627056", "23627055", "23627054", "23627053", "23627052", "23627051", "23627050", "23627049", "23627048", "23627047", "23627046", "23627044", "23627043", "23627042", "23627041", "23627040", "23627039", "23627038", "23627037", "23627036", "23627035", "23627034", "23627033", "23627032", "23627031", "23627030", "23627029", "23627028", "23627027", "23627026", "23627025", "23627024", "23627023", "23627022", "23627021", "23627020", "23627019", "23627018", "23627017", "23627016", "23627015", "23627014", "23627013", "23627007", "23626998", "23626996", "23621082", "23621080", "23621079", "23621054", "23621053", "23621052", "23621051", "23621043", "23621042", "23621041", "23621040", "23621039", "23621038", "23621036", "23621035", "23621034", "23621033", "23621032", "23621031", "23621030", "23621029", "23621028", "23621027", "23621026", "23621025", "23621024", "23621023", "23621022", "23621021", "23621020", "23621019", "23621018", "23621017", "23621016", "23621015", "23621014", "23621013", "23621012", "23621011", "23621010", "23621009", "23621008", "23621007", "23621006", "23621005", "23621004", "23621003", "23621002", "23621001", "23621000", "23620999", "23620998", "23620997", "23620996", "23620995", "23620994", "23620993", "23620992", "23620991", "23620990", "23620989", "23620988", "23620987", "23620983", "23620980", "23620979", "23620978", "23620977", "23620976", "23620975", "23620974", "23620972", "23620971", "23620970", "23620969", "23620968", "23620967", "23620966", "23620965", "23620964", "23620963", "23620962", "23620961", "23620959", "23620958", "23620957", "23620955", "23620952", "23620951", "23620949", "23620945", "23620944", "23620943", "23620942", "23620941", "23620940", "23620938", "23620937", "23620935", "23620934", "23620932", "23620931", "23620930", "23619614", "23615864", "23615618", "23615613", "23615610", "23615609", "23614508", "23612886", "23612875", "23611859", "23611858", "23611857", "23611855", "23611854", "23611853", "23611852", "23611851", "23611850", "23611849", "23611271", "23611270", "23611269", "23611268", "23611267", "23611266", "23611265", "23609326", "23604254", "23604253", "23599262", "23595826", "23595825", "23594817", "23594816", "23594814", "23594813", "23594744", "23591913", "23588809", "23588808", "23587896", "23587894", "23587892", "23587891", "23587890", "23587889", "23584445", "23583047", "23583046", "23583045", "23583044", "23583043", "23583042", "23582721", "23582720", "23579496", "23576784", "23576783", "23576782", "23575503", "23573820", "23573819", "23573818", "23572328", "23567903", "23564340", "23564069", "23563920", "23563476", "23563475", "23563474", "23563473", "23563472", "23563471", "23563470", "23563469", "23563468", "23563467", "23563466", "23563465", "23563464", "23563463", "23563462", "23563461", "23563460", "23563459", "23563458", "23563457", "23563456", "23563455", "23563454", "23563453", "23563452", "23563451", "23563450", "23563449", "23563269", "23563267", "23558510", "23558173", "23558170", "23558169", "23557348", "23557346", "23557345", "23557344", "23557018", "23554396", "23554395", "23554394", "23554393", "23554392", "23554349", "23554348", "23554347", "23554346", "23554345", "23554344", "23552638", "23552637", "23552636", "23552635", "23552634", "23552633", "23552632", "23552584", "23552583", "23552405", "23552375", "23552325", "23552258", "23545854", "23545853", "23545852"]