["24079221", "24079219", "24079218", "24079217", "24079216", "24079215", "24079214", "24079213", "24079212", "24079118", "24079117", "24079116", "24079115", "24079114", "24079113", "24079095", "24079094", "24079093", "24079092", "24079091", "24079078", "24079077", "24079076", "24079075", "24079074", "24079066", "24079065", "24079064", "24079063", "24079062", "24079061", "24079060", "24079059", "24079058", "24079057", "24079056", "24079055", "24075054", "24075053", "24075052", "24075051", "24075050", "24075049", "24073534", "24073533", "24073532", "24073531", "24073530", "24073529", "24073528", "24073527", "24073520", "24073519", "24073477", "24073476", "24073475", "24073474", "24073473", "24073472", "24073471", "24047793", "24047792", "24047791", "24047790", "24047789", "24047788", "24047787", "24047786", "24047785", "24047784", "24047783", "24047782", "24047781", "24047780", "24047779", "24047778", "24047777", "24047776", "24047775", "24047774", "24047773", "24047772", "24047771", "24047770", "24047769", "24016350", "24016349", "24016348", "24016347", "24016346", "24016345", "23943697", "23941798", "23941797", "23941796", "23941795", "23941794", "23941793", "23941792", "23941791", "23941790", "23941789", "23941788", "23939153", "23939152", "23939151", "23939150", "23939149", "23939148", "23939147", "23936878", "23936877", "23936876", "23936875", "23936874", "23936873", "23933906", "23933905", "23933904", "23933903", "23933902", "23933901", "23933900", "23933899", "23933898", "23933897", "23933896", "23933895", "23933894", "23933893", "23932753", "23932752", "23932751", "23932750", "23932749", "23932748", "23932747", "23932746", "23932718", "23932717", "23932716", "23932715", "23932714", "23932713", "23932002", "23932001", "23932000", "23931999", "23931998", "23931997", "23931996", "23931995", "23931994", "23931993", "23931992", "23931554", "23931412", "23931411", "23931370", "23931364", "23931362", "23931027", "23931026", "23931025", "23931024", "23931023", "23931022", "23931021", "23931020", "23931019", "23931018", "23931017", "23931016", "23931015", "23931014", "23931013", "23931012", "23929293", "23929292", "23929291", "23922293", "23922284", "23922278", "23919712", "23919711", "23919710", "23919709", "23919708", "23919705", "23911929", "23911927", "23898948", "23891561", "23872152", "23872151", "23872149", "23872114", "23871805", "23871710", "23871434", "23871233", "23871232", "23867828", "23867825", "23867820", "23867819", "23867818", "23867817", "23861340", "23861339", "23861338", "23860486", "23856463", "23856252", "23852638", "23852608", "23851142", "23851074", "23851073", "23851072", "23851071", "23851008", "23850993", "23850892", "23850889", "23850732", "23850694", "23850692", "23850691", "23850687", "23850682", "23850678", "23850677", "23850676", "23850675", "23850621", "23850619", "23850595", "23850594", "23850515", "23850514", "23850513", "23848186", "23846871", "23846870", "23845967", "23845906", "23845904", "23845280", "23844970", "23843423", "23843422", "23838289", "23836913", "23836906", "23833230", "23833229", "23833191", "23832967", "23832966", "23832965", "23832964", "23831629", "23831611", "23831610", "23831609", "23831581", "23831580", "23831579", "23831578", "23831576", "23831575", "23831471", "23831467", "23831137", "23831067", "23831066", "23831064", "23831063", "23831061", "23831060", "23831058", "23831057", "23831023", "23831022", "23831021", "23831020", "23830984", "23830814", "23830813", "23830812", "23830811", "23828102", "23827817", "23827816", "23827240", "23824184", "23823080", "23823079", "23823078", "23823077", "23821656", "23821548", "23821545", "23820005", "23818521", "23818520", "23818518", "23814079", "23814063", "23814061", "23814060", "23814059", "23814057", "23814055", "23814054", "23814053", "23814050", "23814046", "23813420", "23813419", "23813418", "23812210", "23812166", "23811387", "23811152", "23810898", "23810835", "23810656", "23810507", "23806556", "23806210", "23803610", "23803609", "23803607", "23803603", "23802200", "23801334", "23801333", "23801332", "23801331", "23801330", "23801329", "23801328", "23801327", "23800643", "23800450", "23800261", "23799793", "23798705", "23798703", "23798702", "23798684", "23798682", "23798679", "23798678", "23798676", "23798675", "23798674", "23797988", "23796905", "23796749", "23795884", "23794607", "23793851", "23793106", "23793105", "23792965", "23792963", "23792961", "23792958", "23792163", "23792115", "23792080", "23791970", "23791969", "23791820", "23791818", "23791743", "23791551", "23791550", "23789592", "23788641", "23782868", "23782698", "23782694", "23782692", "23782265", "23779105", "23779104", "23777987", "23777986", "23777238", "23775223", "23775077", "23775073", "23775070", "23774672", "23774033", "23773803", "23772809", "23772801", "23772752", "23772702", "23770318", "23769985", "23769980", "23769979", "23769903", "23769872", "23769871", "23769843", "23769842", "23769707", "23767959", "23767918", "23766514", "23764427", "23764179", "23763276", "23758290", "23758273", "23758196", "23756126", "23754659", "23751979", "23751050", "23750504", "23748012", "23747844", "23747662", "23747599", "23747598", "23747543", "23746301", "23744074", "23744067", "23742838", "23737523", "23735637", "23734863", "23733043", "23720780", "23714108", "23713614", "23711088", "23707896", "23700968", "23698791", "23683721", "23680160", "23670905"]