["23991458", "23991457", "23991456", "23991455", "23987086", "23987085", "23987084", "23987083", "23987082", "23987081", "23987080", "23987079", "23987078", "23987077", "23987076", "23987075", "23987074", "23987073", "23987072", "23987071", "23987070", "23987069", "23987068", "23987067", "23987066", "23987065", "23987064", "23987061", "23987060", "23987055", "23987054", "23987053", "23987052", "23987051", "23987050", "23987048", "23987047", "23987046", "23987045", "23987044", "23987043", "23987042", "23987041", "23987038", "23987037", "23987036", "23987035", "23987034", "23987033", "23987032", "23987031", "23987030", "23987029", "23987028", "23987027", "23987026", "23987025", "23987024", "23987023", "23987022", "23987021", "23986998", "23986997", "23986996", "23986995", "23986990", "23986989", "23986988", "23986980", "23986979", "23986978", "23986977", "23986976", "23986975", "23986974", "23986973", "23986972", "23986971", "23986970", "23986969", "23986968", "23986967", "23986966", "23986965", "23986964", "23986963", "23986962", "23986961", "23986960", "23986959", "23986958", "23986957", "23986956", "23986955", "23986954", "23986953", "23986952", "23986951", "23986950", "23986949", "23986948", "23986947", "23986946", "23986945", "23986944", "23986943", "23986942", "23986941", "23986940", "23986937", "23986936", "23986933", "23986932", "23985875", "23985874", "23985873", "23985870", "23984730", "23984729", "23984728", "23984608", "23984607", "23984606", "23984605", "23984604", "23984603", "23984602", "23984601", "23984600", "23984599", "23984598", "23984597", "23984596", "23984595", "23984594", "23984593", "23984592", "23984591", "23984590", "23984589", "23984588", "23984587", "23984586", "23984585", "23984584", "23984583", "23984582", "23984581", "23984580", "23984579", "23984578", "23984577", "23984576", "23984575", "23984574", "23984573", "23984572", "23984571", "23984570", "23984569", "23984568", "23984566", "23984565", "23984564", "23984563", "23984560", "23984558", "23984557", "23984556", "23984555", "23984554", "23984553", "23984552", "23984551", "23984550", "23984549", "23984548", "23984547", "23984546", "23984545", "23984544", "23984543", "23984541", "23984490", "23984489", "23984488", "23984487", "23984486", "23984485", "23984484", "23984482", "23984481", "23984480", "23982492", "23982491", "23982370", "23982369", "23982368", "23982367", "23982366", "23981408", "23981407", "23981406", "23981404", "23981403", "23981402", "23981401", "23981400", "23981371", "23981370", "23981369", "23981368", "23980767", "23980766", "23980512", "23980511", "23980510", "23980509", "23980508", "23980507", "23980506", "23980505", "23980504", "23980503", "23980502", "23980501", "23980500", "23980499", "23980498", "23980497", "23980496", "23980495", "23980486", "23980485", "23980484", "23980483", "23980482", "23980481", "23980480", "23980462", "23980460", "23980459", "23980438", "23980437", "23980436", "23980435", "23980434", "23980433", "23980432", "23980431", "23980430", "23980429", "23980428", "23980427", "23980426", "23980425", "23980424", "23980423", "23980422", "23980421", "23980420", "23980419", "23980418", "23980417", "23980416", "23980415", "23980414", "23980413", "23980412", "23980411", "23980410", "23980409", "23980405", "23980404", "23980395", "23980394", "23980393", "23980392", "23980391", "23980390", "23980389", "23980388", "23980387", "23980258", "23979556", "23979555", "23979554", "23979553", "23979552", "23979551", "23979550", "23979549", "23978194", "23977821", "23977820", "23977819", "23977818", "23977817", "23977816", "23977815", "23977803", "23977802", "23977801", "23977800", "23977799", "23977798", "23977797", "23977796", "23977795", "23977794", "23977793", "23977792", "23977791", "23977790", "23977789", "23977788", "23977787", "23977786", "23977785", "23977784", "23977783", "23977782", "23977781", "23977780", "23977779", "23977778", "23977777", "23977776", "23977775", "23977773", "23977771", "23977767", "23977763", "23977759", "23977754", "23977751", "23977750", "23977749", "23977748", "23977747", "23977746", "23977745", "23977744", "23977729", "23977728", "23977725", "23977724", "23977723", "23977722", "23977721", "23977720", "23977719", "23977718", "23977717", "23977698", "23977697", "23977686", "23972823", "23972816", "23972815", "23972814", "23972813", "23971391", "23971390", "23971389", "23971388", "23971387", "23971386", "23971385", "23971384", "23971383", "23971382", "23971361", "23971360", "23971359", "23971358", "23971356", "23971355", "23971354", "23971353", "23971352", "23971348", "23971347", "23971346", "23971345", "23971344", "23971343", "23971342", "23971341", "23971328", "23971327", "23971326", "23971325", "23971324", "23971319", "23971318", "23971315", "23971309", "23971308", "23971307", "23971306", "23971305", "23971298", "23971297", "23971296", "23971295", "23971291", "23971286", "23971285", "23971281", "23971278", "23971277", "23971268", "23971267", "23971266", "23971265", "23971264", "23971263", "23971262", "23971261", "23971260", "23971259", "23971258", "23971257", "23971256", "23971255", "23971254", "23971253", "23971252", "23971251", "23971250", "23971249", "23971248", "23971247", "23971246", "23971245", "23971244", "23971243", "23971242", "23971241", "23971240", "23971239", "23971238", "23971237", "23971236", "23971235", "23971234", "23971233", "23971232", "23971231", "23971230", "23971229", "23971228", "23971222", "23971221", "23971220", "23971219", "23971218", "23971217", "23971216", "23971215", "23971214", "23971213", "23971212", "23971211", "23971210", "23971209", "23971208", "23971207", "23971206", "23971205", "23971204", "23971203", "23971202", "23971201", "23971200", "23971199", "23971198", "23971197", "23971196", "23971195", "23971194", "23971193", "23971192", "23971191", "23971190", "23971189", "23971188", "23971187", "23971186", "23971176", "23971175", "23971174", "23971173", "23971172", "23971171", "23971170", "23971169", "23971168", "23971167", "23971166", "23971165", "23971163", "23971162", "23971161", "23971160", "23971159", "23971158", "23971157", "23971156", "23971125", "23971124", "23971123", "23971122", "23971121", "23971120", "23971119", "23971118", "23971117", "23971113", "23971112", "23971100", "23969882", "23969881", "23969880", "23969462", "23969459", "23968279", "23968271", "23968268", "23968267", "23968266", "23968265", "23968264", "23968263", "23968248", "23967787", "23967778", "23967774", "23967773", "23967772", "23967771", "23967770", "23967767", "23967758", "23967757", "23967756", "23967755", "23967754", "23967753", "23967752", "23967751", "23967729", "23967728", "23967727", "23967726", "23967725", "23967724", "23967723", "23967722", "23967721", "23967720", "23967719", "23967718", "23967717", "23967716", "23967715", "23967714", "23967713", "23967712", "23967709", "23967708", "23967707", "23967706", "23967705", "23967704", "23967703", "23967702", "23967701", "23967700", "23967699", "23967698", "23967697", "23967696", "23967695", "23967694", "23967693", "23967692", "23967691", "23967690", "23967689", "23967688", "23967686", "23967685", "23967684", "23967683", "23967682", "23967681", "23967680", "23967679", "23967678", "23967677", "23967676", "23967675", "23967674", "23967673", "23967672", "23967671", "23967670", "23967669", "23967668", "23967667", "23967666", "23967665", "23967664", "23967662", "23967661", "23967660", "23967658", "23967656", "23967654", "23967652", "23967651", "23967650", "23967649", "23967645", "23967644", "23967641", "23967640", "23967638", "23967637", "23967636", "23967634", "23967632", "23967631", "23967630", "23967588", "23967587", "23967586", "23967585", "23967584", "23967583", "23967582", "23967581", "23967580", "23967579", "23967578", "23967577", "23967576", "23967575", "23967574", "23967573", "23967572", "23967571", "23967570", "23967569", "23967568", "23967567", "23967566", "23967565", "23967564", "23967563", "23967562", "23967561", "23967560", "23967559", "23967558", "23967557", "23967556", "23967555", "23967554", "23967553", "23967552", "23967551", "23967550", "23967549", "23967548", "23967547", "23967545", "23967544", "23967543", "23967542", "23965030", "23962043", "23961996", "23959375", "23958371", "23958295", "23958206", "23958173", "23958136", "23958113", "23958111", "23958064", "23958036", "23957940", "23957885", "23957805", "23957789", "23957709", "23955525", "23955512", "23949099", "23947902", "23947801", "23947787", "23947751", "23947656", "23947623", "23947615", "23947601", "23947538", "23947388", "23947337", "23945587", "23945147", "23945092", "23945045", "23945011", "23942043", "23941633", "23941555", "23941511", "23941474", "23941440", "23941404", "23941359", "23941329", "23941255", "23941179", "23941140", "23941127", "23941110", "23938172", "23938152", "23938150", "23938130", "23938083", "23937966", "23937900", "23937860", "23937795", "23937676", "23937650", "23937623", "23937585", "23937545", "23937294", "23937238", "23937070", "23935057", "23935056", "23934091", "23930662", "23930660", "23930659", "23930658", "23929312", "23927742", "23927696", "23927528", "23927490", "23927451", "23926927", "23926885", "23925112", "23924858", "23924857", "23924856", "23924855", "23924854", "23924853", "23924845", "23924842", "23924841", "23924840", "23924839", "23924838", "23924837", "23924590", "23924589", "23924588", "23924587", "23924586", "23924585", "23924433", "23924250", "23924167", "23921971", "23919831", "23919752", "23919637", "23919537", "23919518", "23917520", "23917519", "23917403", "23915416", "23915326", "23915324", "23915301", "23915275", "23915265", "23915218", "23915209", "23915208", "23915186", "23915174", "23915143", "23915137", "23915099", "23915065", "23915037", "23915023", "23915020", "23915000", "23914978", "23914933", "23914898", "23914775", "23914773", "23914732", "23914723", "23913271", "23912225", "23909784", "23909783", "23909782", "23909781", "23909780", "23909779", "23909778", "23909391", "23909390", "23909389", "23907366", "23906896", "23906895", "23906894", "23906893", "23906892", "23903001", "23902943", "23902427", "23902414", "23902361", "23902333", "23901847", "23901846", "23901845", "23901844", "23901843", "23901842", "23899353", "23899338", "23899326", "23899119", "23898826", "23895555", "23895517", "23895432", "23895376", "23895370", "23895326", "23895261", "23895232", "23895218", "23895213", "23895181", "23894186", "23894185", "23892911", "23892781", "23892779", "23892778", "23892564", "23892563", "23890228", "23890206", "23890185", "23890164", "23890083", "23890053", "23889969", "23889939", "23889895", "23889850", "23889801", "23887377", "23887376", "23887375", "23887374", "23887373", "23887372", "23887371", "23887370", "23887369", "23887368", "23887367", "23887366", "23887365", "23886610", "23886461", "23886460", "23886459", "23886458", "23886457", "23885789", "23885756", "23883471", "23883128", "23883127", "23883126", "23883125", "23883124", "23883123", "23882460", "23882459", "23882458", "23882457", "23882456", "23882455", "23882454", "23882453", "23882452", "23880121", "23879975", "23879630", "23877866", "23877865", "23877864", "23877863", "23877862", "23877861", "23877860", "23877859", "23877858", "23877857", "23877856", "23877855", "23877854", "23877853", "23877852", "23877851", "23877850", "23877849", "23877848", "23877847", "23877846", "23877845", "23876616", "23876615", "23876614", "23876613", "23875991", "23875927", "23875886", "23875784", "23875761", "23875723", "23875568", "23875567", "23875566", "23873040", "23873039", "23872876", "23870702", "23870482", "23870447", "23870175", "23870169", "23870105", "23870088", "23870038", "23868908", "23866993", "23866986", "23866968", "23866940", "23866928", "23866793", "23866725", "23866310", "23866266", "23866102", "23866071", "23865866", "23865808", "23865772", "23865507", "23865486", "23863935", "23856709", "23856181", "23856072", "23856013", "23855992", "23855829", "23855520", "23852914", "23852913", "23852912", "23852911", "23852910", "23852909", "23852908", "23852907", "23852906", "23852905", "23852904", "23852903", "23852902", "23852901", "23852900", "23852899", "23852898", "23852897", "23852896", "23852895", "23852894", "23852893", "23852892", "23852891", "23819919", "23819917", "23819887", "23819870", "23819860", "23819846", "23819832", "23819817", "23819807", "23819779", "23819778", "23819776", "23819752", "23819727", "23819699", "23819662", "23819614", "23819587", "23819581", "23819573", "23819572", "23819556", "23819552", "23819540", "23819521", "23819518", "23819503", "23819482", "23819467", "23819456", "23819435", "23818543", "23815711", "23815677", "23815620", "23815611", "23815343", "23815296", "23815271", "23815227", "23815162", "23815126", "23815087"]