["24010155", "24010150", "24010149", "24010148", "24009397", "24009396", "24009395", "24009394", "24009393", "24009392", "24009391", "24009389", "24009388", "24006821", "24006820", "24006819", "24006818", "24006817", "24006816", "24006815", "24006814", "24006813", "24006812", "24006811", "24006810", "24006809", "24006808", "24006807", "24006806", "24006805", "24006804", "24006803", "24006802", "24006801", "24006800", "24006787", "24006786", "24006785", "24006784", "24006783", "24006782", "24006781", "24006780", "24006779", "24006778", "24006777", "24006776", "24006775", "24006774", "24006773", "24006772", "24006771", "24006770", "24006769", "24006768", "24006767", "24006766", "24006765", "24006764", "24006763", "24006762", "24006761", "24006760", "24006759", "24006758", "24006757", "24006756", "24006755", "24006754", "24006753", "24006752", "24006751", "24006750", "24006749", "24006748", "24006747", "24006746", "24006737", "24006697", "24006688", "24006675", "24006674", "24006673", "24006672", "24006671", "24006670", "24006669", "24006668", "24006667", "24006666", "24006665", "24006664", "24006663", "24006662", "24006661", "24006660", "24006634", "24006633", "24006632", "24006631", "24006630", "24006629", "24006628", "24006627", "24006626", "24006625", "24006624", "24006623", "24006622", "24006621", "24006620", "24006619", "24006618", "24006617", "24006616", "24006615", "24006614", "24006613", "24006612", "24006611", "24006610", "24006609", "24006608", "24006607", "24004121", "24004120", "24004119", "24004118", "24004117", "24003763", "24003762", "24003761", "24003760", "24003759", "24003758", "24003757", "24003756", "24003755", "24003754", "24003753", "24003752", "24003751", "24003750", "24003749", "24003748", "24003747", "24003746", "24003745", "24003744", "24003743", "24003742", "24003741", "24003740", "24003739", "24003738", "24003737", "24003736", "24003735", "24003734", "24003733", "24003732", "24003731", "24003730", "24003729", "24003728", "24003727", "24003726", "24003725", "24003724", "24003723", "24003722", "24003721", "24003720", "24003719", "24003718", "24003717", "24003716", "24003715", "24003714", "24003713", "24003712", "24003711", "24003710", "24003709", "24003708", "24003707", "24003706", "24003705", "24003704", "24003703", "24003702", "24003701", "24003700", "24003699", "24003698", "24003697", "24003696", "24003695", "24003694", "24003693", "24003692", "24003691", "24003690", "24003689", "24003657", "24003656", "24003655", "24003653", "24003652", "24003651", "24003650", "24003649", "24003648", "24003647", "24003636", "24003635", "24003634", "24003633", "24003632", "24003631", "24003630", "24003607", "24003604", "24003601", "24003600", "24003599", "24003598", "24003597", "24003596", "24003595", "24003594", "24003593", "24003592", "24003591", "24003590", "24003589", "24003588", "24003587", "24003586", "24003585", "24003584", "24003583", "24003582", "24003581", "24003580", "24003540", "24003539", "24003538", "24003537", "24003536", "24003535", "24003534", "24003533", "24003532", "24003531", "24003530", "24003527", "24003525", "24003520", "24003519", "24003518", "24003517", "24003516", "24003515", "24003511", "24003510", "24003509", "24003508", "24003507", "24003506", "24003491", "24003490", "24003489", "24003488", "24003487", "24003486", "24003485", "24003484", "24003483", "24003482", "24003481", "24003480", "24002282", "24002281", "24002280", "24002279", "24002278", "24000769", "24000768", "24000767", "24000766", "24000765", "24000764", "24000763", "24000762", "24000761", "24000760", "24000759", "24000758", "24000757", "24000756", "24000755", "24000754", "24000753", "24000752", "24000751", "24000750", "24000749", "24000748", "24000747", "24000746", "24000745", "24000744", "24000743", "24000742", "24000741", "24000740", "24000731", "24000730", "24000729", "24000728", "24000727", "24000726", "24000725", "24000724", "24000723", "24000722", "24000721", "24000720", "24000719", "24000718", "24000717", "24000716", "24000715", "24000714", "24000713", "24000712", "24000711", "24000710", "24000709", "24000708", "24000707", "24000706", "24000704", "24000703", "24000702", "24000701", "24000700", "24000699", "24000698", "24000697", "24000696", "24000695", "24000694", "24000693", "24000686", "24000680", "24000679", "24000678", "24000677", "24000676", "24000675", "24000674", "24000673", "24000672", "24000671", "24000670", "24000669", "24000668", "24000667", "24000666", "24000665", "24000664", "24000663", "24000662", "24000661", "24000659", "24000658", "24000657", "24000656", "24000655", "24000654", "24000653", "24000652", "24000651", "24000650", "24000649", "24000648", "24000647", "24000646", "24000645", "24000644", "24000643", "24000642", "24000641", "24000640", "24000639", "24000638", "24000637", "24000636", "24000635", "24000634", "24000633", "24000632", "24000631", "24000630", "24000629", "24000628", "24000627", "24000626", "24000625", "24000624", "24000623", "24000622", "24000621", "24000620", "24000619", "24000618", "24000617", "24000616", "24000615", "24000614", "24000613", "24000612", "24000611", "24000610", "24000609", "24000608", "24000607", "24000606", "24000605", "24000604", "24000603", "24000602", "24000601", "24000600", "24000599", "24000598", "24000597", "24000596", "24000595", "24000594", "24000593", "24000592", "24000591", "24000590", "24000589", "24000588", "24000587", "24000576", "24000568", "24000548", "24000547", "24000546", "24000545", "24000544", "24000543", "24000542", "24000517", "24000516", "24000515", "24000514", "24000513", "24000512", "24000511", "24000510", "24000509", "24000508", "24000507", "24000506", "24000505", "24000504", "24000503", "24000502", "24000501", "24000500", "24000498", "24000497", "24000496", "24000495", "24000494", "24000493", "24000492", "24000491", "24000490", "24000442", "24000389", "23993191", "23993190", "23991617", "23991616", "23991615", "23991614", "23991613", "23991612", "23991611", "23991610", "23991608", "23991607", "23991606", "23991605", "23991604", "23991603", "23991602", "23991601", "23991600", "23991599", "23991598", "23991597", "23991596", "23991595", "23991594", "23991593", "23991592", "23991562", "23991561", "23991560", "23991559", "23991558", "23991557", "23991556", "23991555", "23991554", "23991553", "23991536", "23991535", "23991534", "23991533", "23991512", "23991509", "23991508", "23991507", "23990565", "23990563", "23990562", "23990561", "23990560", "23990559", "23990553", "23989060", "23987976", "23987975", "23987974", "23987958", "23987953", "23987952", "23987951", "23987949", "23987253", "23987252", "23987251", "23987250", "23983618", "23983462", "23972423", "23972205", "23971788", "23970561", "23969997", "23968585", "23968584", "23968583", "23968582", "23968230", "23968202", "23966777", "23965285", "23965223", "23964930", "23962139", "23958282", "23953889", "23950498", "23950494", "23949442", "23948339", "23948338", "23948337", "23948336", "23947827", "23947749", "23947613", "23945355", "23945179", "23945145", "23945062", "23945014", "23941588", "23941403", "23941304", "23941132", "23938146", "23938027", "23937994", "23937988", "23937956", "23937856", "23937118", "23934911", "23934910", "23934909", "23929948", "23928855", "23928459", "23928457", "23928456", "23927555", "23927372", "23927040", "23927010", "23926210", "23926209", "23924958", "23924137", "23924136", "23924135", "23922496", "23919825", "23919478", "23919477", "23919476", "23919475", "23919474", "23919473", "23919472", "23919471", "23919470", "23919384", "23919301", "23915386", "23915381", "23909564", "23909563", "23907583", "23906330", "23906329", "23906328", "23906327", "23902855", "23902718", "23901268", "23901267", "23899341", "23899075", "23895992", "23895991", "23895990", "23895989", "23895583", "23890488", "23889941", "23889908", "23887727", "23887270", "23887269", "23887263", "23887262", "23887261", "23887260", "23887259", "23887258", "23887257", "23887256", "23887255", "23887254", "23885793", "23884642", "23884641", "23884640", "23884639", "23883669", "23883623", "23880157", "23878832", "23875727", "23875726", "23875725", "23875724", "23875544", "23872859", "23872858", "23872857", "23872856", "23872855", "23872854", "23872853"]