["24179230", "24179229", "24179228", "24179227", "24179226", "24179225", "24179224", "24179220", "24179219", "24179218", "24175497", "24175496", "24175495", "24175493", "24175492", "24175491", "24175490", "24175489", "24175488", "24175487", "24175486", "24175485", "24175484", "24175483", "24175482", "24175481", "24175480", "24175479", "24175478", "24175477", "24175476", "24175475", "24175474", "24175473", "24175472", "24175471", "24175435", "24175434", "24175433", "24175432", "24175431", "24175430", "24175429", "24175415", "24175414", "24175413", "24175412", "24175411", "24175410", "24175409", "24175408", "24175407", "24175395", "24175394", "24175393", "24175392", "24175391", "24175390", "24175389", "24175388", "24175387", "24175386", "24175385", "24175384", "24175383", "24175382", "24175381", "24175380", "24175379", "24175378", "24175377", "24171517", "24171516", "24171339", "24171338", "24171337", "24171336", "24171334", "24171333", "24171332", "24171331", "24171330", "24171329", "24171328", "24171327", "24171326", "24171325", "24171324", "24171323", "24171322", "24171321", "24171297", "24171296", "24171295", "24171294", "24171293", "24171292", "24171291", "24171290", "24171289", "24171288", "24171287", "24171286", "24171285", "24171284", "24171283", "24171282", "24171281", "24171280", "24171279", "24171278", "24171277", "24171276", "24171275", "24171274", "24171273", "24171272", "24171271", "24171270", "24171269", "24171268", "24171267", "24171266", "24171265", "24171264", "24171263", "24171262", "24171261", "24171260", "24171259", "24171258", "24171257", "24171256", "24171254", "24171253", "24171252", "24171251", "24171250", "24171249", "24171248", "24171247", "24171246", "24171245", "24171242", "24171241", "24171239", "24171238", "24171237", "24171236", "24171222", "24171221", "24171220", "24171218", "24171213", "24171211", "24171209", "24167938", "24167937", "24167936", "24167935", "24167934", "24167933", "24167932", "24167931", "24167930", "24167929", "24167928", "24167927", "24167926", "24167916", "24167915", "24167914", "24167913", "24167912", "24167911", "24167910", "24167909", "24163984", "24163983", "24163982", "24163981", "24163970", "24163969", "24163968", "24163967", "24163966", "24163965", "24163964", "24163963", "24163962", "24163961", "24163960", "24163959", "24163958", "24163957", "24163956", "24163955", "24163954", "24163953", "24163952", "24163951", "24163950", "24163949", "24163948", "24163947", "24163946", "24163945", "24163944", "24163943", "24163942", "24163929", "24163927", "24163926", "24163925", "24163924", "24163923", "24163922", "24163921", "24163920", "24163919", "24163918", "24163917", "24159827", "24159826", "24159825", "24159824", "24159823", "24159822", "24159821", "24159820", "24159819", "24159818", "24159817", "24159816", "24159815", "24159814", "24159813", "24159812", "24159811", "24159810", "24159809", "24159808", "24159807", "24159806", "24159805", "24159804", "24159803", "24159802", "24159801", "24159800", "24159799", "24159798", "24159797", "24159796", "24159795", "24159693", "24159692", "24159691", "24159690", "24159689", "24159688", "24159687", "24159683", "24131140", "24131138", "24114786", "24094311", "24094310", "24091287", "24091286", "24091285", "24091284", "24091283", "24091282", "24091281", "24091280", "24088653", "24088652", "24088651", "24088650", "24088649", "24072882", "24064026", "24064025", "24064024", "24064023", "24064022", "24064021", "24064020", "24064019", "24064018", "24064017", "24064016", "24064015", "24064014", "24064013", "24064012", "24056347", "24056346", "24056345", "24056344", "24056343", "24056342", "24056341", "24056340", "24056339", "24056338", "24056337", "24054957", "24054956", "24054955", "24054954", "24054724", "24054723", "24054722", "24053709", "24053708", "24053707", "24053706", "24053705", "24053704", "24053703", "24053702", "24053701", "24053700", "24053699", "24053365", "24053364", "24053363", "24053362", "24053361", "24053360", "24052028", "24052027", "24052026", "24051248", "24050735", "24050734", "24050733", "24050408", "24050407", "24050406", "24050405", "24050404", "24050403", "24050402", "24050401", "24050400", "24050399", "24050398", "24050397", "24048804", "24048803", "24048802", "24048801", "24048800", "24048799", "24048798", "24048797", "24048796", "24048795", "24048794", "24048793", "24048792", "24048791", "24048790", "24048789", "24048788", "24048787", "24048786", "24048785", "24048784", "24048783", "24048274", "24048214", "24048193", "24048192", "24048153", "24048152", "24048151", "24048131", "24048123", "24048122", "24048121", "24048120", "24048119", "24047971", "24047970", "24047969", "24047968", "24047967", "24047966", "24047355", "24047290", "24047289", "24046390", "24046141", "24046138", "24046137", "24046136", "24046135", "24046134", "24046132", "24045558", "24045557", "24045556", "24045555", "24045554", "24045553", "24045552", "24045551", "24045550", "24045549", "24045548", "24045547", "24045546", "24045545", "24045544", "24045543", "24045542", "24045541", "24045266", "24045265", "24045264", "24045263", "24045262", "24045261", "24045260", "24045259", "24045258", "24045257", "24045256", "24045255", "24045254", "24045253", "24045252", "24045251", "24045250", "24045249", "24045248", "24045247", "24045246", "24045245", "24045244", "24045243", "24045242", "24045241", "24045240", "24045239", "24045238", "24045237", "24045236", "24045235", "24044440", "24044439", "24044388", "24044387", "24043702", "24043701", "24043700", "24043699", "24042201", "24042200", "24042199", "24042198", "24042197", "24042196", "24042195", "24041361", "24041360", "24041359", "24041358", "24041357", "24041356", "24041355", "24041354", "24041353", "24041352", "24041351", "24041350", "24041349", "24041348", "24041347", "24041346", "24041345", "24041344", "24041343", "24041342", "24041341", "24041162", "24037787", "24037676", "24037452", "24037451", "24037122", "24034312", "24034311", "24034310", "24034309", "24034308", "24034307", "24034306", "24034305", "24032559", "24032382", "24032367", "24032366", "24032365", "24032364", "24032363", "24032362", "24030492", "24029589", "24028810", "24028809", "24028808", "24028807", "24028806", "24028805", "24028804", "24025627", "24019538", "24019537", "24019536", "24019535", "24019534", "24019533", "24018794", "24018793", "24016539", "24015801", "24014683", "24014682", "24014596", "24014594", "24013668", "24012374", "24012372", "24011653", "24008899", "24008320", "24005834", "24005340", "24004893", "24004887", "24003983", "24003037", "24001219", "23999312", "23998342", "23995324", "23995235", "23995234", "23995233", "23994769", "23994768", "23994767", "23994533", "23994532", "23994531", "23994530", "23994529", "23994528", "23994527", "23994525", "23994524", "23994523", "23994160", "23993700", "23993699", "23993276", "23992153", "23991940", "23991761", "23990668", "23990667", "23990666", "23990665", "23990574", "23988337", "23986226", "23986223", "23986222", "23985811", "23985810", "23985808", "23985805", "23985804", "23983161", "23982844", "23982840", "23981727", "23981726", "23981725", "23981724", "23980583", "23980204", "23980203", "23979781", "23978561", "23977882", "23975734", "23975733", "23975732", "23975641", "23974957", "23974956", "23974438", "23974437", "23974436", "23974117", "23974116", "23974115", "23973892", "23973710", "23973483", "23973278", "23973277", "23973275", "23973274", "23973260", "23973209", "23973208", "23972913", "23972762", "23972549", "23972005", "23970546", "23970545", "23970468", "23970467", "23970466", "23969157", "23969156", "23968720", "23968158", "23966431", "23966430", "23966429", "23966428", "23966427", "23966426", "23966425", "23966331", "23966330", "23966329", "23966328", "23965468", "23964711", "23964683", "23963167", "23963165", "23962749", "23962665", "23962664", "23962429", "23962428", "23962427", "23962426", "23962407", "23962108", "23962087", "23962067", "23962032", "23960215", "23960173", "23958763", "23958762", "23958761", "23958306", "23958305", "23958303", "23958302", "23958301", "23958300", "23958299", "23958298", "23958211", "23957891", "23957754", "23955661", "23955366", "23955365", "23955159", "23954667", "23954638", "23954636", "23954635", "23954632", "23954573", "23954294", "23954287", "23954234", "23954165", "23954140", "23954139", "23953876", "23953874", "23953873", "23953721", "23953348", "23953230", "23953228", "23952844", "23952805", "23952577", "23952576", "23952575", "23952537", "23952479", "23950177", "23950157", "23950156", "23950152", "23948613", "23948569", "23948568", "23947917", "23947767", "23947752", "23947381", "23946463", "23946462", "23946459", "23946454", "23946453", "23946349", "23946348", "23946347", "23946346", "23946345", "23946344", "23946343", "23946342", "23946341", "23946340", "23946339", "23946311", "23946310", "23946309", "23946308", "23946307", "23946303", "23946301", "23946297", "23945975", "23945724", "23945723", "23945722", "23945721", "23945720", "23945719", "23945718", "23945717", "23945716", "23945037", "23944710", "23944606", "23942971", "23942967", "23942118", "23942116", "23942115", "23942053", "23942052", "23942051", "23941501", "23941428", "23941357", "23940386", "23940308", "23940307", "23940286", "23940280", "23940269", "23939974", "23939218", "23939048", "23939043", "23938162", "23938161", "23938095", "23935124", "23935006", "23935005", "23934992", "23934246", "23934245", "23934157", "23934140", "23933320", "23933284", "23933229", "23932731", "23932205", "23932160", "23932159", "23931723", "23931722", "23929938", "23929898", "23929855", "23928995", "23928291", "23928095", "23927563", "23926357", "23926356", "23926355", "23926354", "23926353", "23926352", "23926351", "23926350", "23926349", "23926348", "23926347", "23926346", "23926344", "23926343", "23926342", "23926341", "23926340", "23926339", "23926338", "23926337", "23926336", "23926335", "23926334", "23926333", "23926332", "23926306", "23926305", "23926304", "23926204", "23926203", "23926195", "23926194", "23926193", "23925940", "23925650", "23925649", "23925648", "23924396", "23924358", "23924319", "23924269", "23922346", "23922266", "23922050", "23922049", "23922048", "23922047", "23922046", "23922045", "23922044", "23922043", "23922042", "23922041", "23922040", "23922039", "23922038", "23922037", "23922036", "23922005", "23922004", "23922003", "23921443", "23921232", "23920431", "23920107", "23920002", "23919312", "23919311", "23919310", "23918408", "23917618", "23916938", "23916937", "23916569", "23915918", "23914841", "23913937", "23913827", "23913825", "23913470", "23913412", "23913249", "23913247", "23913246", "23912452", "23912176", "23912170", "23912167", "23912165", "23912080", "23912048", "23911735", "23911734", "23911607", "23910563", "23910562", "23910520", "23910430", "23909742", "23908472", "23908470", "23908183", "23907807", "23907421", "23907420", "23907419", "23907418", "23907397", "23907396", "23907395", "23907394", "23907393", "23906603", "23906590", "23905877", "23904283", "23904282", "23904281", "23904280", "23904279", "23904278", "23904277", "23904276", "23904275", "23904274", "23904109", "23904105", "23904075", "23904074", "23903958", "23903849", "23903847", "23903846", "23903835", "23902962", "23902959", "23902958", "23902956", "23902954", "23902788", "23902787", "23902676", "23902163", "23900553", "23900153", "23900152", "23899994", "23899992", "23899820", "23899376", "23899375", "23899325", "23898947", "23898946", "23898922", "23897942", "23896288", "23894153", "23894014", "23893920", "23893918", "23892784", "23892544", "23892354", "23892241", "23892239", "23891746", "23891739", "23891738", "23891737", "23891736", "23891285", "23891247", "23890981", "23889075", "23888045", "23888044", "23887982", "23887971", "23887970", "23887886", "23887043", "23887042", "23886931", "23886928", "23886781", "23886679", "23886550", "23886549", "23886031", "23885784", "23885067", "23884910", "23884859", "23884695", "23884556", "23884367", "23884366", "23884365", "23884364", "23884363", "23884362", "23884361", "23884290", "23883681", "23883680", "23883674", "23883673", "23883671", "23882695", "23882033", "23881847", "23881846", "23880351", "23878355", "23878190", "23878189", "23878141", "23878135", "23878133", "23878132", "23876652", "23876650", "23876648", "23873901", "23873844", "23873843", "23873841", "23873474", "23873473", "23873472", "23873402", "23873401", "23872484", "23872483", "23871879", "23871303", "23871289", "23871139", "23870158", "23870155", "23868959", "23867474", "23867473", "23867472", "23867471", "23867469", "23867322", "23866297", "23866288", "23866284", "23866283", "23866282", "23866281", "23866280", "23866279", "23866278", "23866277", "23866276", "23866275", "23866274", "23866273", "23866272", "23866271", "23866270", "23866269", "23866268", "23866267", "23864641", "23864630", "23864538", "23864341", "23864340", "23863980", "23863900", "23863458", "23861486", "23861485", "23861484", "23861297", "23861295", "23860490", "23860489", "23860083", "23857979", "23857978", "23857775", "23857642", "23856547", "23856516", "23856515", "23856204", "23856198", "23855993", "23855898", "23855650", "23853210", "23853167", "23851933", "23851579", "23851441", "23851440", "23851439", "23851145", "23851144", "23850913", "23850908", "23850497", "23850495", "23850494", "23850476", "23849895", "23849894", "23849793", "23849618", "23848465", "23848405", "23848209", "23847328", "23847327", "23847326", "23845993", "23845472", "23845471", "23845470", "23845469", "23845468", "23845467", "23845466", "23845465", "23845031", "23843581", "23843264", "23842680", "23842192", "23842191", "23841822", "23841798", "23838999", "23838348", "23837860", "23837643", "23834763", "23833285", "23833284", "23833283", "23833282", "23832666", "23831768", "23831767", "23831766", "23831618", "23831617", "23831167", "23831160", "23831155", "23831153", "23831152", "23830183", "23829689", "23828492", "23828270", "23828250", "23827401", "23827400", "23826657", "23825166", "23824303", "23823655", "23823654", "23822809", "23820649", "23820570", "23820174", "23820173", "23818383", "23818375", "23818374", "23818373", "23818372", "23818371", "23818370", "23818369", "23818368", "23818367", "23818366", "23818365", "23818364", "23818363", "23818362", "23818361", "23818360", "23818359", "23818358", "23818357", "23818356", "23818355", "23818354", "23818353", "23818352", "23818351", "23818350", "23818349", "23818348", "23818347", "23818346", "23818345", "23818344", "23818343", "23818342", "23818341", "23818340", "23818339", "23817918", "23816393", "23814022", "23814021", "23813277", "23813276", "23813275", "23811966", "23811965", "23811964", "23811963", "23811962", "23811940", "23811752", "23811751", "23811750", "23811749", "23811748", "23811471", "23811470", "23811002", "23810406", "23810113", "23809857", "23809622", "23809621", "23806608", "23806529", "23806527", "23806525", "23806524", "23805851", "23804564", "23804280", "23801630", "23801020", "23801012", "23800599", "23800598", "23800597", "23800596", "23800551", "23800550", "23800549", "23800548", "23800547", "23800545", "23800470", "23799425", "23797691", "23797690", "23797369", "23796907", "23796627", "23796593", "23795812", "23794142", "23793515", "23792762", "23791398", "23791210", "23791208", "23791013", "23791012", "23791009", "23791008", "23791006", "23790231", "23790181", "23790137", "23790073", "23789813", "23789780", "23789738", "23789714", "23788596", "23787210", "23787209", "23783460", "23783410", "23778087", "23778084", "23777860", "23777859", "23774880", "23774197", "23773481", "23773480", "23773369", "23770179", "23770174", "23769415", "23769138", "23769137", "23769134", "23768467", "23768465", "23768460", "23768458", "23768455", "23765421", "23765389", "23764743", "23764543", "23764413", "23763614", "23759653", "23759652", "23759298", "23759297", "23757002", "23757001", "23756818", "23756817", "23754237", "23749435", "23749427", "23749409", "23749374", "23748738", "23747922", "23747790", "23746377", "23745968", "23743675", "23740960", "23739870", "23739526", "23739315", "23739034", "23737382", "23731972", "23731971", "23729618", "23729556", "23727296", "23725692", "23724784", "23722868", "23722608", "23722504", "23721483", "23721092", "23721058", "23719937", "23719902", "23719868", "23716300", "23716202", "23716181", "23716169", "23716134", "23716075", "23715993", "23714743", "23713660", "23713613", "23713482", "23712827", "23711878", "23711385", "23711382", "23710730", "23710682", "23710657", "23710619", "23710607", "23708952", "23708951", "23708949", "23708948", "23708947", "23708946", "23708945", "23707043", "23706910", "23706315", "23701943", "23701942", "23701941", "23696652", "23696226", "23696165", "23696157", "23694953", "23694801", "23689819", "23689062", "23686382", "23685188", "23684755", "23684710", "23684510", "23683837", "23682749", "23679814", "23677891", "23675953", "23672675", "23672648", "23672624", "23672592", "23672492", "23672193", "23669002", "23669001", "23668999", "23664547", "23664546", "23664539", "23659916", "23659370", "23656604", "23656577", "23654218", "23652165", "23643302", "23631997", "23628727", "23628495", "23623575", "23622949", "23615000", "23614880", "23613513", "23611369", "23607599", "23603758", "23602655", "23602429", "23602077", "23601908", "23599013", "23592527", "23591291", "23590519", "23590263", "23587470", "23582830", "23582619", "23582147", "23581251", "23568855", "23567060", "23561896", "23561465", "23558092", "23558020", "23557976", "23557837", "23554429", "23554297", "23554283", "23554239", "23554229", "23554182", "23547889", "23541628"]