["24032167", "24032166", "24032165", "24032164", "24032163", "24032162", "24032161", "24032160", "24032159", "24032158", "24032139", "24032138", "24032135", "24031020", "24031019", "24031018", "24031017", "24031016", "24031015", "24031013", "24031012", "24031011", "24028066", "24028065", "24028064", "24028063", "24028062", "24028061", "24028060", "24028059", "24028058", "24028057", "24028056", "24028055", "24028054", "24028053", "24028037", "24028036", "24028035", "24027960", "24027959", "24027958", "24027955", "24027954", "24027953", "24027952", "24027951", "24027950", "24027940", "24027939", "24027938", "24027937", "24027936", "24027935", "24027934", "24027933", "24027932", "24027931", "24027930", "24027929", "24027928", "24027927", "24027926", "24027925", "24027924", "24027923", "24027922", "24027921", "24027920", "24027919", "24027918", "24027917", "24027916", "24027915", "24027914", "24027913", "24027912", "24027911", "24027910", "24027909", "24027908", "24027907", "24027906", "24027905", "24027904", "24027903", "24027853", "24027852", "24027851", "24027850", "24027849", "24027848", "24027847", "24027846", "24027845", "24027844", "24027843", "24027842", "24027841", "24027840", "24027839", "24027838", "24027837", "24027836", "24027790", "24026602", "24026601", "24026600", "24026599", "24026598", "24024839", "24024838", "24024465", "24024464", "24024463", "24024462", "24024461", "24024460", "24024459", "24024458", "24024457", "24024456", "24024455", "24024454", "24024453", "24024452", "24024451", "24024450", "24024449", "24024448", "24024447", "24024446", "24024445", "24024444", "24024443", "24024442", "24024441", "24024440", "24024439", "24024438", "24024437", "24024436", "24024435", "24024434", "24024394", "24024393", "24024392", "24024391", "24024390", "24024389", "24024358", "24024343", "24024342", "24024341", "24024340", "24024339", "24024338", "24024337", "24024336", "24024335", "24024334", "24024333", "24024332", "24024331", "24024330", "24024329", "24024328", "24024327", "24024326", "24024325", "24024324", "24024323", "24024322", "24024321", "24024320", "24024319", "24024298", "24024295", "24024294", "24024293", "24021082", "24021081", "24021080", "24021079", "24021078", "24021077", "24021076", "24021075", "24021074", "24021073", "24021072", "24021071", "24021070", "24021069", "24021068", "24021067", "24021066", "24021065", "24021064", "24020329", "24020328", "24020327", "24020326", "24020325", "24020324", "24020323", "24020322", "24020321", "24020320", "24020319", "24020318", "24020317", "24020316", "24020315", "24020314", "24020313", "24020312", "24020311", "24020310", "24020309", "24020308", "24020307", "24020306", "24020305", "24020304", "24020303", "24020302", "24020301", "24020300", "24020299", "24020298", "24020297", "24020296", "24020295", "24020294", "24020293", "24020292", "24020291", "24020290", "24020289", "24020288", "24020287", "24020286", "24020285", "24020284", "24020283", "24020282", "24020281", "24020280", "24020279", "24020278", "24020277", "24020276", "24020275", "24020274", "24020273", "24020272", "24020271", "24020270", "24020269", "24020268", "24020267", "24020266", "24020265", "24020264", "24020263", "24020262", "24020261", "24020248", "24020247", "24020246", "24020245", "24020244", "24020243", "24020242", "24020241", "24020240", "24020239", "24020238", "24020237", "24020236", "24020234", "24020233", "24020232", "24020231", "24020230", "24020229", "24020228", "24020227", "24020226", "24020225", "24020224", "24020223", "24020214", "24020209", "24020208", "24020207", "24020205", "24020203", "24020202", "24020201", "24020198", "24020196", "24020190", "24020189", "24020188", "24020187", "24020186", "24020185", "24020184", "24020183", "24020182", "24020181", "24020180", "24020179", "24020178", "24020177", "24020176", "24020170", "24020150", "24020149", "24020148", "24020147", "24020146", "24020145", "24020144", "24020143", "24020142", "24020141", "24020140", "24020139", "24020138", "24020137", "24020136", "24020135", "24020134", "24020133", "24020132", "24020131", "24020130", "24020129", "24020128", "24020127", "24020126", "24020125", "24020124", "24020123", "24020122", "24020121", "24020120", "24020119", "24020118", "24020102", "24020101", "24020100", "24020099", "24020098", "24020097", "24020096", "24020095", "24020094", "24020093", "24020092", "24020075", "24020074", "24020073", "24020072", "24015665", "24015664", "24015663", "24015662", "24015660", "24015659", "24015658", "24015657", "24015656", "24015655", "24015654", "24015653", "24015652", "24015651", "24015650", "24015649", "24015648", "24015647", "24015646", "24015645", "24015603", "24015602", "24015601", "24015600", "24015599", "24015598", "24015588", "24015576", "24015531", "24015530", "24015529", "24015528", "24015527", "24015526", "24015525", "24015524", "24015523", "24015522", "24015521", "24015520", "24015519", "24015518", "24015517", "24015516", "24015515", "24015514", "24015513", "24015512", "24015511", "24015510", "24015481", "24015480", "24015479", "24015478", "24015477", "24015476", "24015475", "24015474", "24015473", "24015472", "24015471", "24015470", "24015469", "24015468", "24015467", "24015466", "24015465", "24015464", "24015463", "24015462", "24015461", "24015460", "24015459", "24015458", "24015457", "24015452", "24015451", "24015450", "24015448", "24015447", "24010386", "24010385", "24010384", "24010383", "24010382", "24010381", "24010380", "24010379", "24010378", "24010377", "24010376", "24010375", "24010374", "24010373", "24010372", "24010371", "24010370", "24010369", "24010368", "24010309", "24010308", "24010307", "24010306", "24010305", "24010304", "24010303", "24010302", "24010301", "24010300", "24010299", "24010298", "24010297", "24010296", "24010295", "24010294", "24010293", "24010292", "24010291", "24010290", "24010289", "24010288", "24010287", "24010286", "24010285", "24010284", "24010283", "24010282", "24010281", "24010280", "24010279", "24010278", "24010277", "24010276", "24010275", "24010274", "24010273", "24010272", "24010271", "24010270", "24010263", "24010262", "24010261", "24010246", "24010245", "24010244", "24010243", "24010231", "24010187", "23999980", "23999205", "23999204", "23999203", "23998869", "23998865", "23998864", "23998863", "23998862", "23998861", "23998860", "23991622", "23987890", "23987887", "23987886", "23987885", "23987884", "23987883", "23987882", "23987862", "23987861", "23987860", "23987854", "23987853", "23986333", "23985408", "23985407", "23985406", "23985405", "23985404", "23985403", "23985402", "23985401", "23985400", "23985399", "23985398", "23977919", "23977918", "23977917", "23977916", "23977915", "23977914", "23977913", "23977912", "23977911", "23977910", "23977909", "23977908", "23977907", "23970560", "23970559", "23965099", "23965098", "23965097", "23965076", "23965075", "23965074", "23964780", "23964779", "23964778", "23964777", "23964776", "23960140", "23960139", "23960138", "23960137", "23960136", "23960135", "23960134", "23960133", "23960132", "23960131", "23960130", "23960129", "23960128", "23960127", "23960126", "23960125", "23960124", "23960123", "23960122", "23960121", "23960120", "23960119", "23960118", "23960117", "23960116", "23960115", "23960114", "23960113", "23960112", "23960111", "23960110", "23960109", "23960108", "23960107", "23960106", "23960105", "23957044", "23957043", "23957042", "23957041", "23957040", "23957039", "23957038", "23957037", "23944825", "23944824", "23944823", "23944799", "23944798", "23944797", "23934790", "23934130", "23934129", "23934128", "23934127", "23934126", "23934125", "23934124", "23934123", "23930712", "23921131", "23921130", "23921129", "23921128", "23921127", "23921126", "23921125", "23921124", "23921123", "23919954", "23919953", "23919952", "23917143", "23917142", "23917141", "23917140", "23917139", "23917138", "23917137", "23917136", "23917135", "23917134", "23917133", "23917132", "23917131", "23917130", "23917129", "23917128", "23917127", "23914355", "23914354", "23914353", "23914352", "23914351", "23913344", "23906175", "23906171", "23906170", "23906169", "23906168", "23906167", "23906166", "23906090", "23900441", "23900440", "23900439", "23900438", "23900437", "23900436", "23900435", "23900434", "23849146"]