["23944301", "23944300", "23944299", "23944298", "23944148", "23944147", "23944146", "23944145", "23944144", "23944143", "23944142", "23944141", "23944140", "23944130", "23944127", "23944126", "23944125", "23944124", "23944123", "23944122", "23944121", "23944120", "23944119", "23944118", "23944117", "23944115", "23944114", "23944113", "23944112", "23944111", "23944110", "23944109", "23944108", "23944107", "23944106", "23944105", "23944104", "23944103", "23944102", "23944101", "23944100", "23944099", "23944098", "23944097", "23944096", "23944095", "23944094", "23944093", "23944092", "23944091", "23944090", "23944089", "23944088", "23944087", "23944086", "23944085", "23944084", "23944083", "23944082", "23944081", "23944080", "23944079", "23944078", "23944077", "23944076", "23944075", "23944074", "23944073", "23944072", "23944071", "23944070", "23944069", "23944068", "23944067", "23944066", "23944065", "23944064", "23944063", "23944062", "23944061", "23944060", "23944059", "23944058", "23944057", "23944056", "23944055", "23944054", "23944053", "23944052", "23944051", "23944050", "23944049", "23944048", "23944047", "23944046", "23944045", "23944044", "23944043", "23944042", "23944041", "23944040", "23944039", "23944038", "23944037", "23944036", "23944035", "23944034", "23944033", "23944032", "23944031", "23944030", "23944029", "23944028", "23944027", "23944026", "23944025", "23944024", "23944023", "23944022", "23944021", "23944020", "23943984", "23943983", "23943982", "23943981", "23943980", "23943979", "23943978", "23943977", "23943976", "23943975", "23943957", "23943956", "23943955", "23943954", "23943953", "23943952", "23943951", "23943950", "23943914", "23942681", "23942680", "23942679", "23942026", "23942025", "23942023", "23942022", "23941034", "23941033", "23941032", "23941031", "23941030", "23941029", "23941028", "23941027", "23941026", "23941025", "23941024", "23941023", "23941021", "23941020", "23941019", "23941018", "23941017", "23941016", "23941015", "23941014", "23941013", "23941012", "23941011", "23941010", "23941009", "23941008", "23941007", "23941006", "23941005", "23941004", "23941003", "23941002", "23941001", "23941000", "23940998", "23940997", "23940996", "23940995", "23940994", "23940993", "23940992", "23940991", "23940990", "23940989", "23940988", "23940987", "23940986", "23940985", "23940984", "23940983", "23940982", "23940981", "23940980", "23940979", "23940978", "23940977", "23940976", "23940975", "23940974", "23940973", "23940972", "23940971", "23940969", "23940968", "23940967", "23940966", "23940965", "23940964", "23940962", "23940961", "23940960", "23940958", "23940956", "23940955", "23940954", "23940952", "23940951", "23940949", "23940948", "23940946", "23940944", "23940939", "23940938", "23940937", "23940936", "23940935", "23940934", "23940918", "23940917", "23940916", "23940915", "23940914", "23940913", "23940912", "23940911", "23940910", "23940909", "23940908", "23940901", "23940898", "23940897", "23940895", "23940894", "23940893", "23940892", "23940891", "23940890", "23940888", "23940887", "23940886", "23940884", "23940883", "23940874", "23940873", "23940866", "23940865", "23940864", "23940863", "23940862", "23940861", "23940860", "23940858", "23940857", "23940856", "23940855", "23940504", "23938185", "23938101", "23937052", "23937051", "23937050", "23937049", "23937048", "23937047", "23937046", "23937045", "23937044", "23937043", "23937042", "23937041", "23937040", "23937039", "23937038", "23937037", "23937035", "23937034", "23937032", "23937030", "23937029", "23937028", "23937027", "23937026", "23937025", "23937024", "23937023", "23937021", "23937020", "23937019", "23937015", "23937014", "23937013", "23937012", "23937011", "23937010", "23937009", "23937008", "23937007", "23937006", "23937005", "23937004", "23937002", "23937001", "23937000", "23936996", "23936994", "23936993", "23936992", "23936991", "23936990", "23936989", "23936988", "23936987", "23936986", "23936985", "23936984", "23936983", "23936982", "23936981", "23936980", "23936979", "23936978", "23936977", "23936976", "23936973", "23936963", "23936962", "23936961", "23936960", "23936959", "23936958", "23936957", "23936956", "23936955", "23936954", "23936952", "23936951", "23936950", "23936949", "23936948", "23936915", "23936914", "23936913", "23936912", "23936654", "23935605", "23934477", "23930575", "23930574", "23930573", "23930568", "23930567", "23930566", "23930565", "23930563", "23930562", "23930561", "23930558", "23930557", "23930556", "23930555", "23930553", "23930552", "23930551", "23930550", "23930549", "23930548", "23930547", "23930546", "23930545", "23930544", "23930543", "23930542", "23930541", "23930540", "23930539", "23930538", "23930532", "23930531", "23930530", "23930528", "23930527", "23930518", "23930516", "23930515", "23930514", "23930513", "23930496", "23930495", "23930494", "23930493", "23930492", "23930491", "23930490", "23930489", "23930488", "23930487", "23930486", "23930484", "23930483", "23930482", "23930481", "23930480", "23930479", "23930478", "23930477", "23930476", "23930475", "23930474", "23930473", "23930471", "23930470", "23930469", "23930468", "23930452", "23930451", "23930447", "23930446", "23930444", "23930443", "23930442", "23930440", "23930439", "23930438", "23930437", "23930436", "23930387", "23930386", "23930385", "23930384", "23930383", "23930382", "23930381", "23930380", "23930379", "23930378", "23930377", "23930376", "23930375", "23930362", "23930361", "23930360", "23930359", "23930355", "23930354", "23930353", "23930352", "23930349", "23930348", "23930347", "23930346", "23930345", "23930344", "23930343", "23930342", "23930341", "23930340", "23930339", "23930338", "23930337", "23930336", "23930335", "23930334", "23930333", "23930332", "23930331", "23930328", "23930327", "23930326", "23930245", "23927596", "23927553", "23926426", "23926425", "23924489", "23924209", "23924198", "23924173", "23924165", "23924162", "23922637", "23921892", "23920209", "23919755", "23919646", "23919275", "23915320", "23915297", "23915248", "23915223", "23915182", "23915129", "23915113", "23915100", "23915093", "23915022", "23914993", "23914971", "23914947", "23914785", "23914774", "23914733", "23912666", "23912481", "23911222", "23908256", "23908255", "23908254", "23908253", "23908252", "23908251", "23908250", "23903864", "23903863", "23903862", "23903861", "23903860", "23903859", "23903858", "23902942", "23902919", "23902896", "23902875", "23902872", "23902778", "23902743", "23902697", "23902654", "23902622", "23900312", "23900311", "23899308", "23899245", "23899208", "23899130", "23898973", "23898969", "23898942", "23898937", "23898830", "23897439", "23896824", "23896156", "23895761", "23895760", "23895759", "23895758", "23895757", "23895756", "23895755", "23895754", "23895753", "23895752", "23895751", "23895750", "23895749", "23895587", "23895430", "23895406", "23895132", "23895108", "23895055", "23890326", "23890321", "23890277", "23890271", "23890232", "23890187", "23890156", "23890049", "23889978", "23889923", "23889914", "23889906", "23889905", "23889823", "23889751", "23889750", "23887453", "23887452", "23887451", "23887450", "23887449", "23887448", "23887446", "23887445", "23887444", "23886347", "23886045", "23886044", "23886043", "23886042", "23885787", "23885762", "23885712", "23885647", "23884297", "23883822", "23883327", "23883296", "23883295", "23883070", "23883000", "23881303", "23880882", "23880881", "23880880", "23880516", "23880515", "23880514", "23880513", "23880512", "23880511", "23880510", "23880509", "23880287", "23880253", "23880133", "23880112", "23880066", "23880036", "23879707", "23879452", "23879411", "23879380", "23878737", "23876229", "23876227", "23876126", "23876053", "23875774", "23875758", "23875710", "23875627", "23875536", "23872516", "23870731", "23870717", "23870667", "23870663", "23870616", "23870495", "23870454", "23870328", "23870282", "23870245", "23870214", "23870195", "23870168", "23870134", "23870133", "23869393", "23869392", "23869391", "23869390", "23868067", "23868066", "23868065", "23868064", "23868063", "23868062", "23868061", "23868060", "23868059", "23867005", "23866985", "23866962", "23866941", "23866777", "23866774", "23866773", "23866695", "23866690", "23866683", "23866118", "23866104", "23866066", "23866049", "23866030", "23865914"]