["23967497", "23967496", "23967495", "23967494", "23967493", "23967468", "23967467", "23966013", "23965937", "23965893", "23965008", "23965007", "23965006", "23965005", "23965004", "23965003", "23965002", "23964936", "23964935", "23964934", "23964933", "23964932", "23964558", "23964557", "23964556", "23964555", "23964554", "23964553", "23964552", "23964551", "23964550", "23964534", "23964533", "23964532", "23964531", "23964530", "23964529", "23964528", "23964527", "23964526", "23964525", "23964524", "23964523", "23964522", "23964521", "23964520", "23964519", "23964518", "23964517", "23964516", "23964515", "23964514", "23964513", "23964483", "23964482", "23964481", "23964479", "23964478", "23964477", "23964476", "23964475", "23964474", "23964473", "23964472", "23964471", "23964470", "23964469", "23964468", "23964467", "23964466", "23964465", "23964464", "23964463", "23964462", "23964461", "23964460", "23964459", "23964458", "23964457", "23964456", "23964455", "23964454", "23964453", "23964452", "23964451", "23964450", "23964449", "23964448", "23964447", "23964446", "23964445", "23964444", "23964443", "23964442", "23964441", "23964440", "23964439", "23964438", "23964437", "23964436", "23964424", "23964423", "23964422", "23964421", "23964420", "23964419", "23964418", "23964417", "23964416", "23964415", "23964414", "23964413", "23964412", "23964394", "23964393", "23964391", "23964390", "23964389", "23964388", "23964387", "23964386", "23964385", "23964384", "23964383", "23964382", "23964381", "23964380", "23964379", "23964378", "23964377", "23964376", "23964375", "23964374", "23961695", "23961694", "23961693", "23961692", "23961691", "23961690", "23961689", "23961688", "23961687", "23961686", "23961685", "23961684", "23961683", "23961682", "23961681", "23961680", "23961679", "23961678", "23961677", "23961676", "23961675", "23961674", "23961673", "23961672", "23961671", "23961670", "23961669", "23961668", "23961667", "23961666", "23961665", "23961664", "23961663", "23961662", "23961661", "23961660", "23961659", "23961658", "23961640", "23961639", "23961638", "23961637", "23961636", "23961635", "23961634", "23961633", "23961632", "23961631", "23961630", "23961629", "23961628", "23961627", "23961626", "23961625", "23961624", "23961623", "23961622", "23961621", "23961620", "23961619", "23961618", "23961617", "23961616", "23961615", "23961614", "23961613", "23961612", "23961611", "23961609", "23961608", "23961607", "23961606", "23961605", "23961604", "23961603", "23961602", "23961589", "23961588", "23961586", "23961579", "23961576", "23961573", "23961562", "23957200", "23957199", "23957198", "23957197", "23957196", "23957193", "23957192", "23957191", "23957190", "23957189", "23957188", "23957187", "23957185", "23957184", "23957180", "23957179", "23957178", "23957177", "23957174", "23957173", "23957172", "23957171", "23957170", "23957169", "23957168", "23957167", "23957166", "23957165", "23957164", "23957163", "23957162", "23957161", "23957160", "23957159", "23957158", "23957157", "23957156", "23957155", "23957154", "23957153", "23957152", "23957151", "23957150", "23957149", "23957148", "23957147", "23957146", "23957145", "23957144", "23957143", "23957142", "23957141", "23957140", "23957138", "23957137", "23957136", "23957127", "23957126", "23957124", "23957113", "23957112", "23957111", "23957107", "23957104", "23957103", "23957102", "23957101", "23957100", "23957099", "23957098", "23957097", "23957096", "23957095", "23957094", "23957093", "23957089", "23957088", "23957087", "23957083", "23957082", "23957081", "23957080", "23957079", "23957078", "23955228", "23953388", "23953387", "23953386", "23953385", "23953384", "23953051", "23953050", "23953049", "23953048", "23953047", "23953046", "23953045", "23953044", "23953043", "23953041", "23953040", "23953039", "23953002", "23953001", "23952999", "23952998", "23952997", "23952996", "23952995", "23952994", "23952993", "23952992", "23952991", "23952990", "23952989", "23952988", "23952960", "23952959", "23952957", "23952956", "23952955", "23952954", "23952953", "23952952", "23952951", "23952950", "23952949", "23952948", "23952947", "23952946", "23952945", "23951984", "23951982", "23951981", "23951980", "23951979", "23951978", "23951977", "23951976", "23951975", "23951974", "23951973", "23951954", "23951953", "23951952", "23951951", "23951950", "23951949", "23951948", "23951946", "23951945", "23951944", "23951943", "23951942", "23951941", "23951940", "23951939", "23951938", "23951937", "23951934", "23951933", "23951932", "23951931", "23951930", "23951929", "23951928", "23951927", "23951926", "23951925", "23951904", "23951903", "23951902", "23951901", "23951900", "23951899", "23951897", "23951896", "23951895", "23951894", "23951893", "23951892", "23951874", "23951873", "23951872", "23951871", "23951870", "23951869", "23951867", "23951865", "23951864", "23951860", "23951859", "23951858", "23951857", "23951856", "23951855", "23951854", "23951853", "23951835", "23951834", "23951833", "23951832", "23951831", "23951830", "23951829", "23951828", "23951827", "23951826", "23951825", "23951824", "23951823", "23951822", "23951821", "23951820", "23951819", "23951818", "23951812", "23951810", "23951805", "23951804", "23951803", "23951802", "23951801", "23951800", "23951798", "23951797", "23951796", "23951795", "23951794", "23951793", "23951792", "23951791", "23951790", "23951789", "23951788", "23951787", "23951786", "23951785", "23951784", "23951783", "23951782", "23951776", "23951775", "23951774", "23951767", "23951765", "23951755", "23951744", "23951743", "23951741", "23951740", "23951739", "23951738", "23951737", "23951728", "23951727", "23951726", "23951725", "23951724", "23951723", "23951722", "23951721", "23951720", "23951719", "23951718", "23951717", "23951716", "23951715", "23951714", "23951713", "23951712", "23951711", "23951710", "23951709", "23951708", "23951707", "23951706", "23951705", "23951704", "23951703", "23951702", "23951701", "23951700", "23951699", "23951698", "23951697", "23951696", "23951695", "23951694", "23951693", "23951692", "23951691", "23951685", "23951673", "23951672", "23951671", "23951670", "23951669", "23951668", "23951624", "23951623", "23951622", "23951621", "23951620", "23951619", "23951618", "23951617", "23951615", "23951600", "23951599", "23951598", "23951594", "23951593", "23951592", "23951591", "23951587", "23951584", "23947288", "23947287", "23947286", "23947285", "23947284", "23947282", "23947281", "23947280", "23947279", "23947278", "23947277", "23947276", "23947264", "23947251", "23947194", "23947193", "23947192", "23947191", "23947190", "23947189", "23947188", "23947187", "23947186", "23947185", "23947184", "23947183", "23947182", "23947181", "23947180", "23947179", "23947178", "23947177", "23947176", "23947175", "23947174", "23947173", "23947171", "23947170", "23947169", "23947168", "23947167", "23947165", "23947164", "23947163", "23947162", "23947161", "23947160", "23947159", "23947158", "23947156", "23947155", "23947154", "23947153", "23947152", "23947151", "23947150", "23947149", "23947148", "23947147", "23947146", "23947145", "23947144", "23947143", "23947142", "23947141", "23947140", "23947139", "23947138", "23947137", "23947136", "23947135", "23947134", "23947133", "23947132", "23947131", "23947130", "23947129", "23947128", "23947127", "23947126", "23947125", "23947124", "23947123", "23947122", "23947121", "23947120", "23947119", "23947118", "23947117", "23947115", "23947114", "23947113", "23947112", "23947111", "23947110", "23947109", "23947092", "23947091", "23947090", "23947089", "23947088", "23947087", "23947086", "23947085", "23947084", "23947083", "23947082", "23947081", "23947080", "23947079", "23947078", "23947077", "23947076", "23947014", "23947013", "23947012", "23947011", "23947009", "23947008", "23947007", "23947006", "23947005", "23947004", "23947003", "23947002", "23946989", "23946639", "23946638", "23946637", "23946636", "23946635", "23946634", "23946633", "23945592", "23945585", "23945505", "23945504", "23945503", "23945502", "23945270", "23945215", "23945181", "23945103", "23945102", "23945101", "23945100", "23945099", "23945098", "23945097", "23945096", "23945095", "23945094", "23945074", "23945067", "23945065", "23945064", "23945063", "23945051", "23941977", "23941580", "23941513", "23941509", "23941472", "23941470", "23941445", "23941365", "23940415", "23938037", "23938022", "23937999", "23937995", "23937975", "23937972", "23937926", "23937906", "23937768", "23937653", "23937452", "23937156", "23937155", "23934540", "23933600", "23931092", "23931091", "23931090", "23931089", "23931088", "23931087", "23931047", "23931045", "23931044", "23931043", "23931042", "23931041", "23931040", "23931039", "23931038", "23931037", "23929950", "23929946", "23929945", "23927715", "23927486", "23927441", "23926589", "23926588", "23926587", "23926586", "23926585", "23926584", "23926583", "23925119", "23925114", "23925113", "23925038", "23925036", "23925035", "23925034", "23925033", "23925032", "23925031", "23925030", "23925029", "23925028", "23925027", "23925026", "23925025", "23925024", "23925023", "23925022", "23925021", "23925020", "23925019", "23925018", "23925017", "23925016", "23925015", "23925014", "23925013", "23925012", "23925011", "23925010", "23925009", "23924927", "23924926", "23924925", "23924924", "23924923", "23924922", "23924705", "23924629", "23924443", "23924399", "23924391", "23924387", "23924362", "23924324", "23924306", "23924302", "23924295", "23924040", "23922494", "23922493", "23922492", "23922491", "23922490", "23922489", "23922488", "23922487", "23919941", "23919940", "23919939", "23919938", "23919937", "23919896", "23919798", "23919797", "23919753", "23919727", "23919723", "23919722", "23919671", "23919651", "23919625", "23919620", "23919581", "23919495", "23919458", "23919263", "23915834", "23915717", "23915640", "23915572", "23915543", "23915385", "23915378", "23915349", "23915322", "23915293", "23915292", "23915274", "23915239", "23915220", "23915191", "23915189", "23915078", "23915077", "23915067", "23915059", "23915045", "23915010", "23914991", "23914984", "23914952", "23914931", "23914737", "23914132", "23913275", "23910622", "23910620", "23910619", "23910618", "23910617", "23910616", "23910615", "23910614", "23910613", "23910612", "23910611", "23910610", "23910609", "23910608", "23910607", "23910606", "23908518", "23908517", "23908510", "23908509", "23908507", "23908506", "23908505", "23908504", "23908503", "23908502", "23908501", "23908500", "23908499", "23908498", "23907534", "23907533", "23902727", "23902722", "23902631", "23902608", "23902589", "23900128", "23899372", "23899210", "23899043", "23898993", "23898974", "23898827", "23895421", "23895296", "23892783", "23890998", "23890452", "23890389", "23890362", "23890315", "23890256", "23890251", "23890215", "23890106", "23890100", "23890085", "23890047", "23889824", "23889749", "23887474", "23887473", "23887472", "23887471", "23887470", "23887469", "23887468", "23887467", "23887466", "23887465", "23887464", "23887463", "23887462", "23887461", "23887460", "23887144", "23886428", "23886427", "23886426", "23886425", "23886424", "23886423", "23886038", "23886027", "23885968", "23885955", "23885919", "23885908", "23885805", "23883935", "23883930", "23883927", "23883734", "23883360", "23883162", "23883138", "23883137", "23881800", "23881345", "23880333", "23880306", "23879716", "23879659", "23879655", "23879618", "23877069", "23876756", "23876755", "23876754", "23876753", "23876752", "23876751", "23876750", "23876663", "23876662", "23876661", "23876660", "23876646", "23876645", "23876644", "23876643", "23876642", "23876641", "23876640", "23876639", "23876638", "23876637", "23876636", "23876171", "23876023", "23875993", "23875945", "23875830", "23873903", "23873043", "23873042", "23873041", "23872600", "23870666", "23870532", "23870501", "23870483", "23870450", "23870420", "23870400", "23870234", "23870199", "23870165", "23867834", "23866848", "23866829", "23866767", "23866094", "23866024", "23865983", "23865946", "23865888", "23865711", "23865519", "23865498", "23865409", "23865384", "23864220", "23863942", "23863936", "23863933", "23863932", "23863446", "23863445", "23863444", "23863443", "23863442", "23863441", "23863440", "23863439", "23863438", "23863437", "23863436", "23863435", "23863434", "23863433", "23863432", "23863431", "23863430", "23863429", "23863428", "23863427", "23863426", "23863425", "23863424", "23863423", "23863422", "23863421", "23863420", "23863419", "23863418", "23863417", "23863416", "23861581", "23860397", "23860153", "23860152", "23860151", "23860150", "23860149", "23860148", "23860147", "23860146", "23860145", "23860144", "23860143", "23860142", "23860141", "23860140", "23860139", "23860138", "23859294", "23859293", "23859292", "23859291", "23859290", "23859289", "23859288", "23859287", "23859286", "23859285", "23859284", "23859283", "23859282", "23859281", "23859280", "23855827", "23855591", "23855555", "23855449", "23851396", "23851395", "23851392", "23849502", "23849479", "23849437", "23849436", "23849084", "23848969", "23848577", "23845948", "23845947", "23845267", "23845266", "23845136", "23845104", "23844743", "23844702", "23844656", "23842463", "23842462", "23842461", "23842080", "23841920", "23837824", "23837823", "23837822", "23837673", "23837670", "23837630", "23837606", "23837560", "23837527", "23837171", "23837170", "23837169", "23837168", "23837167", "23837166", "23837165", "23837164", "23837163", "23837162", "23837161", "23837160", "23836773", "23836772", "23836771", "23836770", "23836769", "23836768", "23836767", "23836766", "23836765", "23835428", "23835427", "23835426", "23835425", "23835424", "23835423", "23835422", "23835289", "23835131", "23835105", "23835051", "23835026", "23835013", "23834674", "23834625", "23834562", "23834488", "23834441", "23833035", "23833034", "23833032", "23832991", "23832990", "23832989", "23832988", "23832987", "23832986", "23832985", "23832984", "23832983", "23832982", "23832981", "23832980", "23832979", "23832978", "23832977", "23832976", "23832739", "23832738", "23832737", "23832736", "23832735", "23832734", "23832733", "23832732", "23832731", "23832730", "23832729", "23832728", "23832727", "23832726", "23832725", "23832724", "23832723", "23832722", "23832721", "23832719", "23831862", "23831646", "23830482", "23829874", "23829789", "23818194", "23818193", "23818192", "23818191", "23818190", "23818189", "23818188", "23818187", "23818186", "23818185", "23793052", "23793051", "23793050", "23793049", "23793048", "23774517", "23557914", "23557780"]