["23923341", "23923340", "23923339", "23923338", "23923337", "23879790", "23879789", "23739622", "23739621", "23739620", "23739619", "23739618", "23739617", "23739616", "23739615", "23645820", "23645123", "23645115", "23644453", "23644452", "23644451", "23644354", "23644300", "23644254", "23644224", "23644222", "23644151", "23644150", "23644137", "23644096", "23644093", "23644085", "23644028", "23644026", "23644024", "23644023", "23644021", "23644020", "23643929", "23643687", "23643578", "23643577", "23643576", "23643575", "23643574", "23643560", "23643559", "23643315", "23643313", "23643311", "23643309", "23642935", "23642923", "23642918", "23642833", "23642514", "23642513", "23642512", "23642511", "23642510", "23642509", "23642508", "23642507", "23642506", "23642505", "23642384", "23642383", "23642382", "23642381", "23642380", "23642378", "23642376", "23642373", "23642371", "23642207", "23642077", "23641870", "23641057", "23641053", "23640907", "23640773", "23640763", "23639988", "23639987", "23639985", "23639984", "23639983", "23639951", "23639937", "23639935", "23639866", "23639547", "23639378", "23639376", "23639375", "23639366", "23639307", "23639240", "23639239", "23639132", "23638995", "23638803", "23637087", "23637059", "23636851", "23636825", "23636312", "23635498", "23634958", "23634770", "23634753", "23634703", "23633521", "23633414", "23633381", "23633380", "23633379", "23633378", "23633377", "23633376", "23633375", "23633374", "23633373", "23633372", "23633371", "23633370", "23633369", "23633368", "23633366", "23633365", "23633364", "23633363", "23633361", "23633360", "23633359", "23633358", "23633357", "23633356", "23633355", "23633354", "23633353", "23633352", "23633351", "23633350", "23633349", "23633348", "23633347", "23633346", "23633345", "23633344", "23633343", "23633342", "23633341", "23633340", "23633339", "23633338", "23633337", "23633336", "23633335", "23633334", "23633333", "23633332", "23633331", "23633330", "23633329", "23633328", "23633327", "23633325", "23633324", "23633323", "23633322", "23633321", "23633320", "23633319", "23633318", "23633317", "23633316", "23633315", "23633314", "23633313", "23633311", "23633310", "23633309", "23633308", "23633307", "23633306", "23633305", "23633304", "23633303", "23633185", "23633184", "23633183", "23633181", "23633154", "23632970", "23632969", "23632968", "23632967", "23632887", "23632286", "23632238", "23632092", "23631945", "23631879", "23631863", "23631808", "23630301", "23630300", "23630299", "23630298", "23630120", "23629813", "23629603", "23629602", "23628798", "23628378", "23628353", "23628340", "23628306", "23627931", "23627692", "23625576", "23625296", "23625284", "23625061", "23624909", "23624907", "23624851", "23624575", "23624528", "23624484", "23624479", "23624393", "23624391", "23624246", "23624036", "23624035", "23623977", "23623753", "23623570", "23623477", "23623460", "23623355", "23623331", "23623047", "23623037", "23622939", "23622877", "23622875", "23622798", "23622794", "23622724", "23622702", "23622566", "23622564", "23622563", "23622562", "23622344", "23622253", "23622111", "23622099", "23621982", "23621895", "23621884", "23621866", "23621863", "23621854", "23621844", "23621827", "23621798", "23621752", "23621403", "23621394", "23621371", "23621156", "23621116", "23621110", "23620400", "23620397", "23620110", "23619996", "23619984", "23619600", "23619599", "23619171", "23619170", "23618813", "23618747", "23618228", "23618124", "23618123", "23618122", "23618121", "23618120", "23618119", "23618118", "23618117", "23618116", "23618115", "23618114", "23618113", "23618111", "23618110", "23618109", "23618108", "23618107", "23618106", "23617829", "23617813", "23617623", "23617571", "23617358", "23617327", "23617229", "23616623", "23616601", "23615120", "23614673", "23614507", "23614505", "23613511", "23613508", "23612653", "23612648", "23612594", "23612538", "23611870", "23611711", "23611709", "23611669", "23611507", "23611040", "23611039", "23610061", "23610059", "23610058", "23610057", "23609815", "23609814", "23609812", "23609810", "23609794", "23608731", "23608618", "23608617", "23608616", "23608321", "23608319", "23608318", "23608317", "23608237", "23607896", "23607861", "23607805", "23607777", "23607753", "23607726", "23607719", "23607458", "23607435", "23607395", "23606477", "23606109", "23604604", "23604468", "23603671", "23602881", "23602770", "23601909", "23601803", "23601801", "23601798", "23601703", "23601702", "23601654", "23601652", "23601605", "23601571", "23601558", "23601528", "23601508", "23601192", "23601173", "23601055", "23601028", "23601026", "23600989", "23600974", "23600955", "23600845", "23600579", "23600521", "23600460", "23600452", "23600433", "23599435", "23599314", "23599311", "23599238", "23598895", "23598894", "23598893", "23598892", "23598290", "23597794", "23597673", "23597630", "23597598", "23597451", "23596321", "23596320", "23596319", "23596173", "23596071", "23595519", "23595518", "23594292", "23594266", "23594201", "23592863", "23592272", "23592271", "23592239", "23591649", "23591646", "23591273", "23591188", "23591187", "23591122", "23591070", "23591069", "23590865", "23590565", "23589141", "23589140", "23589139", "23588891", "23588112", "23588109", "23587800", "23587455", "23586898", "23586778", "23586692", "23586691", "23586600", "23586394", "23585686", "23585685", "23585330", "23585211", "23585178", "23584720", "23584628", "23584627", "23584626", "23584625", "23584624", "23584623", "23584622", "23584621", "23584384", "23584080", "23583899", "23583883", "23583776", "23583597", "23583347", "23583167", "23583165", "23583024", "23583023", "23583022", "23583021", "23583020", "23582991", "23582909", "23582761", "23582760", "23582631", "23582567", "23582566", "23582353", "23582181", "23582173", "23581835", "23581720", "23581549", "23581483", "23581479", "23581454", "23580323", "23580314", "23580254", "23580240", "23580149", "23578994", "23578751", "23578750", "23578592", "23578565", "23578564", "23578374", "23578170", "23577666", "23577646", "23575988", "23575960", "23575905", "23575190", "23575189", "23575188", "23575187", "23575186", "23575185", "23575184", "23575183", "23575182", "23575181", "23575180", "23575179", "23575178", "23575177", "23575176", "23575175", "23574690", "23574474", "23574407", "23574378", "23572352", "23572350", "23571720", "23571280", "23571090", "23571080", "23570880", "23570850", "23570848", "23570846", "23570414", "23570373", "23570318", "23568807", "23568591", "23568537", "23568509", "23568454", "23568400", "23568345", "23568291", "23568256", "23568176", "23568175", "23568174", "23568058", "23567748", "23567356", "23566912", "23566852", "23566576", "23566573", "23566443", "23566283", "23566268", "23566249", "23566228", "23565856", "23564636", "23564498", "23564480", "23564444", "23564424", "23564420", "23564396", "23564362", "23564351", "23564321", "23564295", "23564267", "23564249", "23563362", "23563253", "23563129", "23562657", "23562656", "23562609", "23562484", "23562339", "23562302", "23562166", "23562165", "23561430", "23561328", "23561013", "23560999", "23560912", "23560823", "23560715", "23560623", "23559580", "23559466", "23559465", "23559464", "23559463", "23559462", "23559073", "23559000", "23558921", "23558851", "23558669", "23558521", "23558258", "23558257", "23558250", "23558140", "23558136", "23558031", "23557794", "23557791", "23557706", "23557705", "23557704", "23557703", "23557702", "23557701", "23557700", "23557696", "23556486", "23556459", "23553674", "23553645", "23553608", "23553550", "23553530", "23553486", "23553437", "23553409", "23553371", "23553206", "23553069", "23551953", "23551920", "23551894", "23551703", "23551636", "23551620", "23551593", "23551550", "23551535", "23551253", "23551207", "23551202", "23551028", "23550976", "23550795", "23550742", "23550716", "23549405", "23548750", "23548375", "23547171", "23546700", "23546699", "23546698", "23545708", "23545706", "23545705", "23545410", "23545250", "23545247", "23545244", "23545099", "23544356", "23543089", "23543087", "23543085", "23542781", "23542535", "23541814", "23541813", "23541812", "23541550", "23541545", "23541324", "23541126", "23540418", "23540417", "23540416"]