["24199515", "24199514", "24199513", "24199512", "24199511", "24199510", "24195549", "24195548", "24195547", "24191530", "24191529", "24191528", "24191527", "24191526", "24191525", "24187810", "24187809", "24187808", "24180494", "24180180", "24180177", "24180176", "24180175", "24180173", "24180172", "24180171", "24180170", "24180169", "24180167", "24180166", "24180165", "24180164", "24180163", "24180162", "24180161", "24180160", "24152939", "24152938", "24152233", "24097128", "24080594", "24080593", "24079760", "24079759", "24078382", "24074935", "24074934", "24074933", "24074932", "24074931", "24074930", "24074929", "24074928", "24074927", "24074926", "24074925", "24074924", "24074923", "24074922", "24074921", "24074920", "24074603", "24074602", "24074601", "24074600", "24074599", "24074598", "24074597", "24074596", "24074595", "24074594", "24074593", "24074592", "24074591", "24074590", "24074589", "24074588", "24074587", "24074586", "24074585", "24074584", "24074583", "24074582", "24074581", "24074580", "24074579", "24074578", "24074577", "24074576", "24074575", "24074574", "24074573", "24074572", "24074571", "24074570", "24074569", "24074568", "24074567", "24074566", "24074565", "24074564", "24074563", "24074562", "24074561", "24073609", "24071850", "24071849", "24070423", "24070422", "24069996", "24069994", "24069993", "24069992", "24069991", "24069990", "24069989", "24069987", "24069986", "24069985", "24069984", "24069983", "24069982", "24069981", "24069980", "24069979", "24069978", "24069977", "24069976", "24069975", "24067529", "24067528", "24067527", "24067526", "24067525", "24067520", "24067519", "24067518", "24067517", "24067516", "24067515", "24067514", "24065415", "24062561", "24062560", "24062559", "24062348", "24062346", "24062345", "24062342", "24061589", "24061588", "24061587", "24061586", "24061585", "24061584", "24061583", "24061582", "24061581", "24061580", "24061579", "24061578", "24059589", "24059588", "24059587", "24059405", "24059404", "24059403", "24059402", "24059401", "24059400", "24059399", "24059398", "24059397", "24059396", "24059395", "24059394", "24059393", "24059392", "24059391", "24059390", "24059386", "24059385", "24059384", "24059383", "24059382", "24059381", "24059380", "24059379", "24059378", "24059377", "24059376", "24059375", "24059374", "24059373", "24059372", "24059371", "24059370", "24059369", "24059368", "24059367", "24059366", "24059365", "24059364", "24059363", "24059362", "24059361", "24059360", "24059359", "24059358", "24054714", "24054367", "24054366", "24054365", "24054364", "24054363", "24054362", "24054361", "24054360", "24054359", "24054358", "24043765", "24043764", "24043763", "24043762", "24043761", "24043760", "24043759", "24043758", "24037999", "24037974", "24037811", "24033850", "24033566", "24033536", "24033494", "24033467", "24033443", "24033415", "24033386", "24019554", "24019553", "24019552", "24013640", "24013639", "24013638", "24012825", "24012675", "24012674", "24012673", "24012671", "24012670", "24012669", "24010816", "24008411", "24006216", "24003912", "24003889", "24003086", "24003085", "23999500", "23999499", "23999498", "23999497", "23998935", "23998934", "23998932", "23998930", "23998914", "23996507", "23995138", "23995137", "23995136", "23995135", "23995134", "23994636", "23994635", "23994334", "23994134", "23993278", "23992604", "23992303", "23991654", "23989192", "23989191", "23989188", "23989187", "23988448", "23982841", "23982837", "23982825", "23980099", "23980098", "23980097", "23980096", "23978459", "23978458", "23978457", "23975871", "23974872", "23974871", "23974870", "23974869", "23973939", "23973255", "23972825", "23972722", "23972721", "23972442", "23972263", "23971636", "23971635", "23971634", "23971633", "23970440", "23969120", "23969119", "23969080", "23968770", "23966256", "23966254", "23966253", "23966249", "23966248", "23966247", "23964855", "23964853", "23963168", "23963040", "23962100", "23962099", "23962098", "23959146", "23958950", "23958949", "23958756", "23958116", "23957582", "23957380", "23955599", "23955598", "23955597", "23955596", "23954637", "23954450", "23954097", "23953766", "23953637", "23953636", "23953635", "23953007", "23952789", "23952744", "23952692", "23952031", "23952030", "23952029", "23952028", "23950176", "23948663", "23948662", "23946315", "23946313", "23946306", "23945172", "23945170", "23945154", "23945006", "23944745", "23942972", "23942264", "23941244", "23940284", "23940283", "23939143", "23939141", "23937828", "23937827", "23937825", "23937824", "23937527", "23937526", "23933541", "23933535", "23933405", "23933067", "23932678", "23932675", "23932672", "23931768", "23931767", "23930602", "23930592", "23930591", "23930590", "23927736", "23927032", "23926301", "23926299", "23925475", "23924350", "23921633", "23920373", "23919616", "23919497", "23918591", "23918530", "23917401", "23916973", "23916551", "23916550", "23916549", "23916505", "23916070", "23916069", "23916068", "23911869", "23911867", "23911010", "23910730", "23910729", "23909619", "23909618", "23909617", "23909616", "23909615", "23909487", "23909438", "23908471", "23907784", "23907389", "23907385", "23907062", "23907061", "23906931", "23905837", "23905709", "23905699", "23905686", "23901119", "23900604", "23900420", "23900418", "23900417", "23900416", "23900415", "23898046", "23897433", "23893538", "23893464", "23893423", "23892402", "23892401", "23892400", "23892289", "23891734", "23890572", "23889352", "23889347", "23886855", "23886835", "23883516", "23883515", "23882696", "23880317", "23880316", "23880315", "23880313", "23879478", "23879211", "23879175", "23877246", "23877243", "23876856", "23876855", "23876410", "23875766", "23875703", "23875667", "23875654", "23873798", "23873797", "23873795", "23873794", "23873793", "23872589", "23871886", "23871885", "23871110", "23871108", "23871107", "23869655", "23869088", "23863837", "23861443", "23861442", "23861025", "23861024", "23861023", "23859596", "23859404", "23856458", "23851636", "23851566", "23851565", "23851279", "23851278", "23851277", "23851276", "23851080", "23850929", "23850832", "23849796", "23849621", "23847103", "23847102", "23847101", "23847097", "23846614", "23845929", "23845533", "23842674", "23842673", "23842672", "23841933", "23841590", "23838086", "23836939", "23836558", "23835404", "23832701", "23832700", "23832699", "23832698", "23832697", "23832696", "23832695", "23832668", "23832431", "23832230", "23831034", "23830323", "23830075", "23829475", "23828042", "23828041", "23828040", "23828038", "23828037", "23825390", "23825389", "23825092", "23824080", "23823316", "23821755", "23821671", "23821670", "23821669", "23821668", "23821667", "23821666", "23821665", "23821664", "23821663", "23821662", "23817565", "23817564", "23817563", "23815307", "23815291", "23813748", "23813723", "23813394", "23812494", "23810630", "23810279", "23801777", "23801771", "23800365", "23800350", "23792676", "23790775", "23788721", "23788720", "23788718", "23784878", "23784877", "23781118", "23781117", "23775371", "23771915", "23771913", "23770181", "23763304", "23758612", "23755904", "23755839", "23744520", "23737538", "23728098", "23716707", "23715038", "23715036", "23709688", "23697651", "23696685", "23696684", "23696683", "23696681", "23695417", "23689589", "23689049", "23687173", "23680893", "23677033", "23677031", "23674791", "23674789", "23674786", "23670528", "23670072", "23667166", "23665872", "23665769", "23665768", "23665767", "23659763", "23657894", "23657887", "23657741", "23654359", "23652604", "23650620", "23649177", "23649176", "23649175", "23649174", "23640583", "23640582", "23638794", "23636406", "23636405", "23636404", "23632920", "23632919", "23630391", "23630389", "23630312", "23625199", "23624680", "23624679", "23624656", "23623916", "23620003", "23616630", "23615870", "23615869", "23612924", "23610146", "23608928", "23607684", "23605670", "23605669", "23605668", "23605590", "23605589", "23605588", "23600864", "23598543", "23595129", "23594289", "23588267", "23588266", "23588264", "23583250", "23579047", "23559493", "23543767"]